2026-06-06 12:42:07 INFO  c.e.l.LibreriaMarketCatalogServiceApplication - Starting LibreriaMarketCatalogServiceApplication using Java 21.0.11 with PID 29728 (/home/apric/Documentos/GitHub/LibreriaMaketCatalogService/libreriaMarketCatalogService/target/classes started by apric in /home/apric/Documentos/GitHub/LibreriaMaketCatalogService/libreriaMarketCatalogService)
2026-06-06 12:42:07 DEBUG c.e.l.LibreriaMarketCatalogServiceApplication - Running with Spring Boot v4.0.5, Spring v7.0.6
2026-06-06 12:42:07 INFO  c.e.l.LibreriaMarketCatalogServiceApplication - No active profile set, falling back to 1 default profile: "default"
2026-06-06 12:42:08 INFO  o.s.d.r.config.RepositoryConfigurationDelegate - Bootstrapping Spring Data JPA repositories in DEFAULT mode.
2026-06-06 12:42:08 INFO  o.s.d.r.config.RepositoryConfigurationDelegate - Finished Spring Data repository scanning in 313 ms. Found 2 JPA repository interfaces.
2026-06-06 12:42:09 INFO  o.springframework.cloud.context.scope.GenericScope - BeanFactory id=05011c24-a394-3788-97b5-00fb3e289e72
2026-06-06 12:42:09 INFO  org.springframework.boot.tomcat.TomcatWebServer - Tomcat initialized with port 0 (http)
2026-06-06 12:42:09 INFO  org.apache.catalina.core.StandardService - Starting service [Tomcat]
2026-06-06 12:42:09 INFO  org.apache.catalina.core.StandardEngine - Starting Servlet engine: [Apache Tomcat/11.0.20]
2026-06-06 12:42:09 INFO  o.s.b.w.c.servlet.WebApplicationContextInitializer - Root WebApplicationContext: initialization completed in 2685 ms
2026-06-06 12:42:10 INFO  com.zaxxer.hikari.HikariDataSource - HikariPool-1 - Starting...
2026-06-06 12:42:10 INFO  com.zaxxer.hikari.pool.HikariPool - HikariPool-1 - Added connection com.mysql.cj.jdbc.ConnectionImpl@5e1d1524
2026-06-06 12:42:10 INFO  com.zaxxer.hikari.HikariDataSource - HikariPool-1 - Start completed.
2026-06-06 12:42:10 INFO  org.flywaydb.core.FlywayExecutor - Database: jdbc:mysql://localhost:3306/catalog_db (MySQL 11.8)
2026-06-06 12:42:10 WARN  org.flywaydb.core.internal.database.base.Database - Using MariaDB 11.8 which is newer than the version Flyway has been verified with. The latest verified version of MariaDB is 11.7.
2026-06-06 12:42:10 INFO  org.flywaydb.core.internal.command.DbValidate - Successfully validated 3 migrations (execution time 00:00.051s)
2026-06-06 12:42:10 INFO  org.flywaydb.core.internal.command.DbMigrate - Current version of schema `catalog_db`: 3
2026-06-06 12:42:10 INFO  org.flywaydb.core.internal.command.DbMigrate - Schema `catalog_db` is up to date. No migration necessary.
2026-06-06 12:42:11 INFO  o.s.o.j.persistenceunit.SpringPersistenceUnitInfo - No LoadTimeWeaver setup: ignoring JPA class transformer
2026-06-06 12:42:13 INFO  o.s.orm.jpa.LocalContainerEntityManagerFactoryBean - Initialized JPA EntityManagerFactory for persistence unit 'default'
2026-06-06 12:42:14 INFO  o.s.d.jpa.repository.query.QueryEnhancerFactories - Hibernate is in classpath; If applicable, HQL parser will be used.
2026-06-06 12:42:14 WARN  o.s.b.j.a.JpaBaseConfiguration$JpaWebConfiguration - spring.jpa.open-in-view is enabled by default. Therefore, database queries may be performed during view rendering. Explicitly configure spring.jpa.open-in-view to disable this warning
2026-06-06 12:42:15 INFO  o.s.s.c.a.a.c.InitializeUserDetailsBeanManagerConfigurer$InitializeUserDetailsManagerConfigurer - Global AuthenticationManager configured with UserDetailsService bean with name userDetailsService
2026-06-06 12:42:16 INFO  o.s.c.n.e.c.DiscoveryClientOptionalArgsConfiguration - Eureka HTTP Client uses RestClient.
2026-06-06 12:42:16 WARN  o.s.c.l.c.LoadBalancerCacheAutoConfiguration$LoadBalancerCaffeineWarnLogger - Spring Cloud LoadBalancer is currently working with the default cache. While this cache implementation is useful for development and tests, it's recommended to use Caffeine cache in production.You can switch to using Caffeine cache, by adding it and org.springframework.cache.caffeine.CaffeineCacheManager to the classpath.
2026-06-06 12:42:16 INFO  org.springframework.boot.tomcat.TomcatWebServer - Tomcat started on port 41255 (http) with context path '/'
2026-06-06 12:42:16 INFO  o.s.c.n.e.s.EurekaAutoServiceRegistration - Updating port to 41255
2026-06-06 12:42:16 INFO  o.s.cloud.netflix.eureka.InstanceInfoFactory - Setting initial instance status as: STARTING
2026-06-06 12:42:16 INFO  com.netflix.discovery.DiscoveryClient - Initializing Eureka in region us-east-1
2026-06-06 12:42:16 INFO  c.n.d.shared.resolver.aws.ConfigClusterResolver - Resolving eureka endpoints via configuration
2026-06-06 12:42:16 INFO  com.netflix.discovery.DiscoveryClient - Disable delta property : false
2026-06-06 12:42:16 INFO  com.netflix.discovery.DiscoveryClient - Single vip registry refresh property : null
2026-06-06 12:42:16 INFO  com.netflix.discovery.DiscoveryClient - Force full registry fetch : false
2026-06-06 12:42:16 INFO  com.netflix.discovery.DiscoveryClient - Application is null : false
2026-06-06 12:42:16 INFO  com.netflix.discovery.DiscoveryClient - Registered Applications size is zero : true
2026-06-06 12:42:16 INFO  com.netflix.discovery.DiscoveryClient - Application version is -1: true
2026-06-06 12:42:16 INFO  com.netflix.discovery.DiscoveryClient - Getting all instance registry info from the eureka server
2026-06-06 12:42:17 INFO  com.netflix.discovery.DiscoveryClient - The response status is 200
2026-06-06 12:42:17 INFO  com.netflix.discovery.DiscoveryClient - Starting heartbeat executor: renew interval is: 30
2026-06-06 12:42:17 INFO  com.netflix.discovery.InstanceInfoReplicator - InstanceInfoReplicator onDemand update allowed rate per min is 4
2026-06-06 12:42:17 INFO  com.netflix.discovery.DiscoveryClient - Discovery Client initialized at timestamp 1780764137345 with initial instances count: 2
2026-06-06 12:42:17 INFO  o.s.c.n.e.serviceregistry.EurekaServiceRegistry - Registering application LMCATALOGMS with eureka with status UP
2026-06-06 12:42:17 INFO  com.netflix.discovery.DiscoveryClient - Saw local status change event StatusChangeEvent [timestamp=1780764137354, current=UP, previous=STARTING]
2026-06-06 12:42:17 INFO  com.netflix.discovery.DiscoveryClient - DiscoveryClient_LMCATALOGMS/LMCatalogMS:1be0ee8c2182f9b43abc89098d6e510b: registering service...
2026-06-06 12:42:17 INFO  c.e.l.LibreriaMarketCatalogServiceApplication - Started LibreriaMarketCatalogServiceApplication in 11.356 seconds (process running for 14.353)
2026-06-06 12:42:17 WARN  org.springdoc.core.events.SpringDocAppInitializer - SpringDoc /swagger-ui.html endpoint is enabled by default. To disable it in production, set the property 'springdoc.swagger-ui.enabled=false'
2026-06-06 12:42:17 INFO  com.netflix.discovery.DiscoveryClient - DiscoveryClient_LMCATALOGMS/LMCatalogMS:1be0ee8c2182f9b43abc89098d6e510b - registration status: 204
2026-06-06 12:47:12 INFO  o.s.c.n.e.serviceregistry.EurekaServiceRegistry - Unregistering application LMCATALOGMS with eureka with status DOWN
2026-06-06 12:47:12 INFO  com.netflix.discovery.DiscoveryClient - Saw local status change event StatusChangeEvent [timestamp=1780764432552, current=DOWN, previous=UP]
2026-06-06 12:47:12 INFO  com.netflix.discovery.DiscoveryClient - DiscoveryClient_LMCATALOGMS/LMCatalogMS:1be0ee8c2182f9b43abc89098d6e510b: registering service...
2026-06-06 12:47:12 INFO  org.springframework.boot.tomcat.GracefulShutdown - Commencing graceful shutdown. Waiting for active requests to complete
2026-06-06 12:47:12 INFO  c.n.d.s.t.decorator.RedirectingEurekaHttpClient - Request execution error. endpoint=DefaultEndpoint{ serviceUrl='http://localhost:8090/eureka/} exception=I/O error on POST request for "http://localhost:8090/eureka/apps/LMCATALOGMS": Connect to http://localhost:8090 failed: Conexión rehusada stacktrace=org.springframework.web.client.ResourceAccessException: I/O error on POST request for "http://localhost:8090/eureka/apps/LMCATALOGMS": Connect to http://localhost:8090 failed: Conexión rehusada
	at org.springframework.web.client.DefaultRestClient$DefaultRequestBodyUriSpec.createResourceAccessException(DefaultRestClient.java:776)
	at org.springframework.web.client.DefaultRestClient$DefaultRequestBodyUriSpec.exchangeInternal(DefaultRestClient.java:624)
	at org.springframework.web.client.DefaultRestClient$DefaultRequestBodyUriSpec.exchange(DefaultRestClient.java:572)
	at org.springframework.web.client.RestClient$RequestHeadersSpec.exchange(RestClient.java:747)
	at org.springframework.web.client.DefaultRestClient$DefaultResponseSpec.executeAndExtract(DefaultRestClient.java:921)
	at org.springframework.web.client.DefaultRestClient$DefaultResponseSpec.toBodilessEntity(DefaultRestClient.java:885)
	at org.springframework.cloud.netflix.eureka.http.RestClientEurekaHttpClient.register(RestClientEurekaHttpClient.java:64)
	at com.netflix.discovery.shared.transport.decorator.EurekaHttpClientDecorator$1.execute(EurekaHttpClientDecorator.java:59)
	at com.netflix.discovery.shared.transport.decorator.RedirectingEurekaHttpClient.execute(RedirectingEurekaHttpClient.java:91)
	at com.netflix.discovery.shared.transport.decorator.EurekaHttpClientDecorator.register(EurekaHttpClientDecorator.java:56)
	at com.netflix.discovery.shared.transport.decorator.EurekaHttpClientDecorator$1.execute(EurekaHttpClientDecorator.java:59)
	at com.netflix.discovery.shared.transport.decorator.RetryableEurekaHttpClient.execute(RetryableEurekaHttpClient.java:120)
	at com.netflix.discovery.shared.transport.decorator.EurekaHttpClientDecorator.register(EurekaHttpClientDecorator.java:56)
	at com.netflix.discovery.shared.transport.decorator.EurekaHttpClientDecorator$1.execute(EurekaHttpClientDecorator.java:59)
	at com.netflix.discovery.shared.transport.decorator.SessionedEurekaHttpClient.execute(SessionedEurekaHttpClient.java:76)
	at com.netflix.discovery.shared.transport.decorator.EurekaHttpClientDecorator.register(EurekaHttpClientDecorator.java:56)
	at com.netflix.discovery.DiscoveryClient.register(DiscoveryClient.java:828)
	at com.netflix.discovery.InstanceInfoReplicator.run(InstanceInfoReplicator.java:125)
	at com.netflix.discovery.InstanceInfoReplicator$2.run(InstanceInfoReplicator.java:105)
	at java.base/java.util.concurrent.Executors$RunnableAdapter.call(Executors.java:572)
	at java.base/java.util.concurrent.FutureTask.run(FutureTask.java:317)
	at java.base/java.util.concurrent.ScheduledThreadPoolExecutor$ScheduledFutureTask.run(ScheduledThreadPoolExecutor.java:304)
	at java.base/java.util.concurrent.ThreadPoolExecutor.runWorker(ThreadPoolExecutor.java:1144)
	at java.base/java.util.concurrent.ThreadPoolExecutor$Worker.run(ThreadPoolExecutor.java:642)
	at java.base/java.lang.Thread.run(Thread.java:1583)
Caused by: org.apache.hc.client5.http.HttpHostConnectException: Connect to http://localhost:8090 failed: Conexión rehusada
	at java.base/sun.nio.ch.Net.pollConnect(Native Method)
	at java.base/sun.nio.ch.Net.pollConnectNow(Net.java:694)
	at java.base/sun.nio.ch.NioSocketImpl.timedFinishConnect(NioSocketImpl.java:542)
	at java.base/sun.nio.ch.NioSocketImpl.connect(NioSocketImpl.java:592)
	at java.base/java.net.SocksSocketImpl.connect(SocksSocketImpl.java:327)
	at java.base/java.net.Socket.connect(Socket.java:751)
	at org.apache.hc.client5.http.impl.io.DefaultHttpClientConnectionOperator.connect(DefaultHttpClientConnectionOperator.java:226)
	at org.apache.hc.client5.http.impl.io.PoolingHttpClientConnectionManager.connect(PoolingHttpClientConnectionManager.java:497)
	at org.apache.hc.client5.http.impl.classic.InternalExecRuntime.connectEndpoint(InternalExecRuntime.java:164)
	at org.apache.hc.client5.http.impl.classic.InternalExecRuntime.connectEndpoint(InternalExecRuntime.java:174)
	at org.apache.hc.client5.http.impl.classic.ConnectExec.execute(ConnectExec.java:144)
	at org.apache.hc.client5.http.impl.classic.ExecChainElement.execute(ExecChainElement.java:51)
	at org.apache.hc.client5.http.impl.classic.ProtocolExec.execute(ProtocolExec.java:195)
	at org.apache.hc.client5.http.impl.classic.ExecChainElement.execute(ExecChainElement.java:51)
	at org.apache.hc.client5.http.impl.classic.ContentCompressionExec.execute(ContentCompressionExec.java:168)
	at org.apache.hc.client5.http.impl.classic.ExecChainElement.execute(ExecChainElement.java:51)
	at org.apache.hc.client5.http.impl.classic.HttpRequestRetryExec.execute(HttpRequestRetryExec.java:112)
	at org.apache.hc.client5.http.impl.classic.ExecChainElement.execute(ExecChainElement.java:51)
	at org.apache.hc.client5.http.impl.classic.RedirectExec.execute(RedirectExec.java:110)
	at org.apache.hc.client5.http.impl.classic.ExecChainElement.execute(ExecChainElement.java:51)
	at org.apache.hc.client5.http.impl.classic.InternalHttpClient.doExecute(InternalHttpClient.java:185)
	at org.apache.hc.client5.http.impl.classic.CloseableHttpClient.execute(CloseableHttpClient.java:87)
	at org.apache.hc.client5.http.impl.classic.CloseableHttpClient.execute(CloseableHttpClient.java:55)
	at org.apache.hc.client5.http.classic.HttpClient.executeOpen(HttpClient.java:183)
	at org.springframework.http.client.HttpComponentsClientHttpRequest.executeInternal(HttpComponentsClientHttpRequest.java:99)
	at org.springframework.http.client.AbstractStreamingClientHttpRequest.executeInternal(AbstractStreamingClientHttpRequest.java:87)
	at org.springframework.http.client.AbstractClientHttpRequest.execute(AbstractClientHttpRequest.java:80)
	at org.springframework.http.client.AbstractBufferingClientHttpRequest.executeWithRequest(AbstractBufferingClientHttpRequest.java:89)
	at org.springframework.http.client.InterceptingClientHttpRequest$EndOfChainRequestExecution.execute(InterceptingClientHttpRequest.java:102)
	at org.springframework.cloud.netflix.eureka.http.RestClientTransportClientFactory.lambda$newClient$2(RestClientTransportClientFactory.java:98)
	at org.springframework.http.client.ClientHttpRequestInterceptor.lambda$apply$0(ClientHttpRequestInterceptor.java:89)
	at org.springframework.http.client.InterceptingClientHttpRequest.executeInternal(InterceptingClientHttpRequest.java:73)
	at org.springframework.http.client.AbstractBufferingClientHttpRequest.executeInternal(AbstractBufferingClientHttpRequest.java:50)
	at org.springframework.http.client.AbstractClientHttpRequest.execute(AbstractClientHttpRequest.java:80)
	at org.springframework.web.client.DefaultRestClient$DefaultRequestBodyUriSpec.exchangeInternal(DefaultRestClient.java:614)
	... 23 more

2026-06-06 12:47:12 INFO  org.springframework.boot.tomcat.GracefulShutdown - Graceful shutdown complete
2026-06-06 12:47:12 WARN  c.n.d.s.t.decorator.RetryableEurekaHttpClient - Request execution failed with message: I/O error on POST request for "http://localhost:8090/eureka/apps/LMCATALOGMS": Connect to http://localhost:8090 failed: Conexión rehusada
2026-06-06 12:47:12 INFO  o.s.orm.jpa.LocalContainerEntityManagerFactoryBean - Closing JPA EntityManagerFactory for persistence unit 'default'
2026-06-06 12:47:12 INFO  com.zaxxer.hikari.HikariDataSource - HikariPool-1 - Shutdown initiated...
2026-06-06 12:47:12 INFO  c.n.d.s.t.decorator.RedirectingEurekaHttpClient - Request execution error. endpoint=DefaultEndpoint{ serviceUrl='http://localhost:8090/eureka/}, exception=I/O error on POST request for "http://localhost:8090/eureka/apps/LMCATALOGMS": Connect to http://localhost:8090 failed: Conexión rehusada stacktrace=org.springframework.web.client.ResourceAccessException: I/O error on POST request for "http://localhost:8090/eureka/apps/LMCATALOGMS": Connect to http://localhost:8090 failed: Conexión rehusada
	at org.springframework.web.client.DefaultRestClient$DefaultRequestBodyUriSpec.createResourceAccessException(DefaultRestClient.java:776)
	at org.springframework.web.client.DefaultRestClient$DefaultRequestBodyUriSpec.exchangeInternal(DefaultRestClient.java:624)
	at org.springframework.web.client.DefaultRestClient$DefaultRequestBodyUriSpec.exchange(DefaultRestClient.java:572)
	at org.springframework.web.client.RestClient$RequestHeadersSpec.exchange(RestClient.java:747)
	at org.springframework.web.client.DefaultRestClient$DefaultResponseSpec.executeAndExtract(DefaultRestClient.java:921)
	at org.springframework.web.client.DefaultRestClient$DefaultResponseSpec.toBodilessEntity(DefaultRestClient.java:885)
	at org.springframework.cloud.netflix.eureka.http.RestClientEurekaHttpClient.register(RestClientEurekaHttpClient.java:64)
	at com.netflix.discovery.shared.transport.decorator.EurekaHttpClientDecorator$1.execute(EurekaHttpClientDecorator.java:59)
	at com.netflix.discovery.shared.transport.decorator.RedirectingEurekaHttpClient.executeOnNewServer(RedirectingEurekaHttpClient.java:121)
	at com.netflix.discovery.shared.transport.decorator.RedirectingEurekaHttpClient.execute(RedirectingEurekaHttpClient.java:80)
	at com.netflix.discovery.shared.transport.decorator.EurekaHttpClientDecorator.register(EurekaHttpClientDecorator.java:56)
	at com.netflix.discovery.shared.transport.decorator.EurekaHttpClientDecorator$1.execute(EurekaHttpClientDecorator.java:59)
	at com.netflix.discovery.shared.transport.decorator.RetryableEurekaHttpClient.execute(RetryableEurekaHttpClient.java:120)
	at com.netflix.discovery.shared.transport.decorator.EurekaHttpClientDecorator.register(EurekaHttpClientDecorator.java:56)
	at com.netflix.discovery.shared.transport.decorator.EurekaHttpClientDecorator$1.execute(EurekaHttpClientDecorator.java:59)
	at com.netflix.discovery.shared.transport.decorator.SessionedEurekaHttpClient.execute(SessionedEurekaHttpClient.java:76)
	at com.netflix.discovery.shared.transport.decorator.EurekaHttpClientDecorator.register(EurekaHttpClientDecorator.java:56)
	at com.netflix.discovery.DiscoveryClient.register(DiscoveryClient.java:828)
	at com.netflix.discovery.InstanceInfoReplicator.run(InstanceInfoReplicator.java:125)
	at com.netflix.discovery.InstanceInfoReplicator$2.run(InstanceInfoReplicator.java:105)
	at java.base/java.util.concurrent.Executors$RunnableAdapter.call(Executors.java:572)
	at java.base/java.util.concurrent.FutureTask.run(FutureTask.java:317)
	at java.base/java.util.concurrent.ScheduledThreadPoolExecutor$ScheduledFutureTask.run(ScheduledThreadPoolExecutor.java:304)
	at java.base/java.util.concurrent.ThreadPoolExecutor.runWorker(ThreadPoolExecutor.java:1144)
	at java.base/java.util.concurrent.ThreadPoolExecutor$Worker.run(ThreadPoolExecutor.java:642)
	at java.base/java.lang.Thread.run(Thread.java:1583)
Caused by: org.apache.hc.client5.http.HttpHostConnectException: Connect to http://localhost:8090 failed: Conexión rehusada
	at java.base/sun.nio.ch.Net.pollConnect(Native Method)
	at java.base/sun.nio.ch.Net.pollConnectNow(Net.java:694)
	at java.base/sun.nio.ch.NioSocketImpl.timedFinishConnect(NioSocketImpl.java:542)
	at java.base/sun.nio.ch.NioSocketImpl.connect(NioSocketImpl.java:592)
	at java.base/java.net.SocksSocketImpl.connect(SocksSocketImpl.java:327)
	at java.base/java.net.Socket.connect(Socket.java:751)
	at org.apache.hc.client5.http.impl.io.DefaultHttpClientConnectionOperator.connect(DefaultHttpClientConnectionOperator.java:226)
	at org.apache.hc.client5.http.impl.io.PoolingHttpClientConnectionManager.connect(PoolingHttpClientConnectionManager.java:497)
	at org.apache.hc.client5.http.impl.classic.InternalExecRuntime.connectEndpoint(InternalExecRuntime.java:164)
	at org.apache.hc.client5.http.impl.classic.InternalExecRuntime.connectEndpoint(InternalExecRuntime.java:174)
	at org.apache.hc.client5.http.impl.classic.ConnectExec.execute(ConnectExec.java:144)
	at org.apache.hc.client5.http.impl.classic.ExecChainElement.execute(ExecChainElement.java:51)
	at org.apache.hc.client5.http.impl.classic.ProtocolExec.execute(ProtocolExec.java:195)
	at org.apache.hc.client5.http.impl.classic.ExecChainElement.execute(ExecChainElement.java:51)
	at org.apache.hc.client5.http.impl.classic.ContentCompressionExec.execute(ContentCompressionExec.java:168)
	at org.apache.hc.client5.http.impl.classic.ExecChainElement.execute(ExecChainElement.java:51)
	at org.apache.hc.client5.http.impl.classic.HttpRequestRetryExec.execute(HttpRequestRetryExec.java:112)
	at org.apache.hc.client5.http.impl.classic.ExecChainElement.execute(ExecChainElement.java:51)
	at org.apache.hc.client5.http.impl.classic.RedirectExec.execute(RedirectExec.java:110)
	at org.apache.hc.client5.http.impl.classic.ExecChainElement.execute(ExecChainElement.java:51)
	at org.apache.hc.client5.http.impl.classic.InternalHttpClient.doExecute(InternalHttpClient.java:185)
	at org.apache.hc.client5.http.impl.classic.CloseableHttpClient.execute(CloseableHttpClient.java:87)
	at org.apache.hc.client5.http.impl.classic.CloseableHttpClient.execute(CloseableHttpClient.java:55)
	at org.apache.hc.client5.http.classic.HttpClient.executeOpen(HttpClient.java:183)
	at org.springframework.http.client.HttpComponentsClientHttpRequest.executeInternal(HttpComponentsClientHttpRequest.java:99)
	at org.springframework.http.client.AbstractStreamingClientHttpRequest.executeInternal(AbstractStreamingClientHttpRequest.java:87)
	at org.springframework.http.client.AbstractClientHttpRequest.execute(AbstractClientHttpRequest.java:80)
	at org.springframework.http.client.AbstractBufferingClientHttpRequest.executeWithRequest(AbstractBufferingClientHttpRequest.java:89)
	at org.springframework.http.client.InterceptingClientHttpRequest$EndOfChainRequestExecution.execute(InterceptingClientHttpRequest.java:102)
	at org.springframework.cloud.netflix.eureka.http.RestClientTransportClientFactory.lambda$newClient$2(RestClientTransportClientFactory.java:98)
	at org.springframework.http.client.ClientHttpRequestInterceptor.lambda$apply$0(ClientHttpRequestInterceptor.java:89)
	at org.springframework.http.client.InterceptingClientHttpRequest.executeInternal(InterceptingClientHttpRequest.java:73)
	at org.springframework.http.client.AbstractBufferingClientHttpRequest.executeInternal(AbstractBufferingClientHttpRequest.java:50)
	at org.springframework.http.client.AbstractClientHttpRequest.execute(AbstractClientHttpRequest.java:80)
	at org.springframework.web.client.DefaultRestClient$DefaultRequestBodyUriSpec.exchangeInternal(DefaultRestClient.java:614)
	... 24 more

2026-06-06 12:47:12 WARN  c.n.d.s.t.decorator.RetryableEurekaHttpClient - Request execution failed with message: I/O error on POST request for "http://localhost:8090/eureka/apps/LMCATALOGMS": Connect to http://localhost:8090 failed: Conexión rehusada
2026-06-06 12:47:12 WARN  com.netflix.discovery.DiscoveryClient - DiscoveryClient_LMCATALOGMS/LMCatalogMS:1be0ee8c2182f9b43abc89098d6e510b - registration failed Cannot execute request on any known server
com.netflix.discovery.shared.transport.TransportException: Cannot execute request on any known server
	at com.netflix.discovery.shared.transport.decorator.RetryableEurekaHttpClient.execute(RetryableEurekaHttpClient.java:112)
	at com.netflix.discovery.shared.transport.decorator.EurekaHttpClientDecorator.register(EurekaHttpClientDecorator.java:56)
	at com.netflix.discovery.shared.transport.decorator.EurekaHttpClientDecorator$1.execute(EurekaHttpClientDecorator.java:59)
	at com.netflix.discovery.shared.transport.decorator.SessionedEurekaHttpClient.execute(SessionedEurekaHttpClient.java:76)
	at com.netflix.discovery.shared.transport.decorator.EurekaHttpClientDecorator.register(EurekaHttpClientDecorator.java:56)
	at com.netflix.discovery.DiscoveryClient.register(DiscoveryClient.java:828)
	at com.netflix.discovery.InstanceInfoReplicator.run(InstanceInfoReplicator.java:125)
	at com.netflix.discovery.InstanceInfoReplicator$2.run(InstanceInfoReplicator.java:105)
	at java.base/java.util.concurrent.Executors$RunnableAdapter.call(Executors.java:572)
	at java.base/java.util.concurrent.FutureTask.run(FutureTask.java:317)
	at java.base/java.util.concurrent.ScheduledThreadPoolExecutor$ScheduledFutureTask.run(ScheduledThreadPoolExecutor.java:304)
	at java.base/java.util.concurrent.ThreadPoolExecutor.runWorker(ThreadPoolExecutor.java:1144)
	at java.base/java.util.concurrent.ThreadPoolExecutor$Worker.run(ThreadPoolExecutor.java:642)
	at java.base/java.lang.Thread.run(Thread.java:1583)
2026-06-06 12:47:12 WARN  com.netflix.discovery.InstanceInfoReplicator - There was a problem with the instance info replicator
com.netflix.discovery.shared.transport.TransportException: Cannot execute request on any known server
	at com.netflix.discovery.shared.transport.decorator.RetryableEurekaHttpClient.execute(RetryableEurekaHttpClient.java:112)
	at com.netflix.discovery.shared.transport.decorator.EurekaHttpClientDecorator.register(EurekaHttpClientDecorator.java:56)
	at com.netflix.discovery.shared.transport.decorator.EurekaHttpClientDecorator$1.execute(EurekaHttpClientDecorator.java:59)
	at com.netflix.discovery.shared.transport.decorator.SessionedEurekaHttpClient.execute(SessionedEurekaHttpClient.java:76)
	at com.netflix.discovery.shared.transport.decorator.EurekaHttpClientDecorator.register(EurekaHttpClientDecorator.java:56)
	at com.netflix.discovery.DiscoveryClient.register(DiscoveryClient.java:828)
	at com.netflix.discovery.InstanceInfoReplicator.run(InstanceInfoReplicator.java:125)
	at com.netflix.discovery.InstanceInfoReplicator$2.run(InstanceInfoReplicator.java:105)
	at java.base/java.util.concurrent.Executors$RunnableAdapter.call(Executors.java:572)
	at java.base/java.util.concurrent.FutureTask.run(FutureTask.java:317)
	at java.base/java.util.concurrent.ScheduledThreadPoolExecutor$ScheduledFutureTask.run(ScheduledThreadPoolExecutor.java:304)
	at java.base/java.util.concurrent.ThreadPoolExecutor.runWorker(ThreadPoolExecutor.java:1144)
	at java.base/java.util.concurrent.ThreadPoolExecutor$Worker.run(ThreadPoolExecutor.java:642)
	at java.base/java.lang.Thread.run(Thread.java:1583)
2026-06-06 12:47:12 INFO  com.zaxxer.hikari.HikariDataSource - HikariPool-1 - Shutdown completed.
2026-06-06 12:47:12 INFO  com.netflix.discovery.DiscoveryClient - Shutting down DiscoveryClient ...
2026-06-06 12:47:15 INFO  com.netflix.discovery.DiscoveryClient - Unregistering ...
2026-06-06 12:47:15 INFO  c.n.d.s.t.decorator.RedirectingEurekaHttpClient - Request execution error. endpoint=DefaultEndpoint{ serviceUrl='http://localhost:8090/eureka/}, exception=I/O error on DELETE request for "http://localhost:8090/eureka/apps/LMCATALOGMS/LMCatalogMS:1be0ee8c2182f9b43abc89098d6e510b": Connect to http://localhost:8090 failed: Conexión rehusada stacktrace=org.springframework.web.client.ResourceAccessException: I/O error on DELETE request for "http://localhost:8090/eureka/apps/LMCATALOGMS/LMCatalogMS:1be0ee8c2182f9b43abc89098d6e510b": Connect to http://localhost:8090 failed: Conexión rehusada
	at org.springframework.web.client.DefaultRestClient$DefaultRequestBodyUriSpec.createResourceAccessException(DefaultRestClient.java:776)
	at org.springframework.web.client.DefaultRestClient$DefaultRequestBodyUriSpec.exchangeInternal(DefaultRestClient.java:624)
	at org.springframework.web.client.DefaultRestClient$DefaultRequestBodyUriSpec.exchange(DefaultRestClient.java:572)
	at org.springframework.web.client.RestClient$RequestHeadersSpec.exchange(RestClient.java:747)
	at org.springframework.web.client.DefaultRestClient$DefaultResponseSpec.executeAndExtract(DefaultRestClient.java:921)
	at org.springframework.web.client.DefaultRestClient$DefaultResponseSpec.toBodilessEntity(DefaultRestClient.java:885)
	at org.springframework.cloud.netflix.eureka.http.RestClientEurekaHttpClient.cancel(RestClientEurekaHttpClient.java:73)
	at com.netflix.discovery.shared.transport.decorator.EurekaHttpClientDecorator$2.execute(EurekaHttpClientDecorator.java:74)
	at com.netflix.discovery.shared.transport.decorator.RedirectingEurekaHttpClient.executeOnNewServer(RedirectingEurekaHttpClient.java:121)
	at com.netflix.discovery.shared.transport.decorator.RedirectingEurekaHttpClient.execute(RedirectingEurekaHttpClient.java:80)
	at com.netflix.discovery.shared.transport.decorator.EurekaHttpClientDecorator.cancel(EurekaHttpClientDecorator.java:71)
	at com.netflix.discovery.shared.transport.decorator.EurekaHttpClientDecorator$2.execute(EurekaHttpClientDecorator.java:74)
	at com.netflix.discovery.shared.transport.decorator.RetryableEurekaHttpClient.execute(RetryableEurekaHttpClient.java:120)
	at com.netflix.discovery.shared.transport.decorator.EurekaHttpClientDecorator.cancel(EurekaHttpClientDecorator.java:71)
	at com.netflix.discovery.shared.transport.decorator.EurekaHttpClientDecorator$2.execute(EurekaHttpClientDecorator.java:74)
	at com.netflix.discovery.shared.transport.decorator.SessionedEurekaHttpClient.execute(SessionedEurekaHttpClient.java:76)
	at com.netflix.discovery.shared.transport.decorator.EurekaHttpClientDecorator.cancel(EurekaHttpClientDecorator.java:71)
	at com.netflix.discovery.DiscoveryClient.unregister(DiscoveryClient.java:919)
	at com.netflix.discovery.DiscoveryClient.shutdown(DiscoveryClient.java:900)
	at java.base/jdk.internal.reflect.DirectMethodHandleAccessor.invoke(DirectMethodHandleAccessor.java:103)
	at java.base/java.lang.reflect.Method.invoke(Method.java:580)
	at org.springframework.beans.factory.annotation.InitDestroyAnnotationBeanPostProcessor$LifecycleMethod.invoke(InitDestroyAnnotationBeanPostProcessor.java:453)
	at org.springframework.beans.factory.annotation.InitDestroyAnnotationBeanPostProcessor$LifecycleMetadata.invokeDestroyMethods(InitDestroyAnnotationBeanPostProcessor.java:411)
	at org.springframework.beans.factory.annotation.InitDestroyAnnotationBeanPostProcessor.postProcessBeforeDestruction(InitDestroyAnnotationBeanPostProcessor.java:237)
	at org.springframework.beans.factory.support.DisposableBeanAdapter.destroy(DisposableBeanAdapter.java:200)
	at org.springframework.beans.factory.support.DisposableBeanAdapter.run(DisposableBeanAdapter.java:193)
	at org.springframework.cloud.context.scope.GenericScope$BeanLifecycleWrapper.destroy(GenericScope.java:387)
	at org.springframework.cloud.context.scope.GenericScope.destroy(GenericScope.java:134)
	at org.springframework.beans.factory.support.DisposableBeanAdapter.destroy(DisposableBeanAdapter.java:209)
	at org.springframework.beans.factory.support.DefaultSingletonBeanRegistry.destroyBean(DefaultSingletonBeanRegistry.java:795)
	at org.springframework.beans.factory.support.DefaultSingletonBeanRegistry.destroySingleton(DefaultSingletonBeanRegistry.java:745)
	at org.springframework.beans.factory.support.DefaultListableBeanFactory.destroySingleton(DefaultListableBeanFactory.java:1500)
	at org.springframework.beans.factory.support.DefaultSingletonBeanRegistry.destroySingletons(DefaultSingletonBeanRegistry.java:704)
	at org.springframework.beans.factory.support.DefaultListableBeanFactory.destroySingletons(DefaultListableBeanFactory.java:1493)
	at org.springframework.context.support.AbstractApplicationContext.destroyBeans(AbstractApplicationContext.java:1246)
	at org.springframework.context.support.AbstractApplicationContext.doClose(AbstractApplicationContext.java:1207)
	at org.springframework.boot.web.server.servlet.context.ServletWebServerApplicationContext.doClose(ServletWebServerApplicationContext.java:176)
	at org.springframework.context.support.AbstractApplicationContext.close(AbstractApplicationContext.java:1153)
	at org.springframework.boot.SpringApplicationShutdownHook.closeAndWait(SpringApplicationShutdownHook.java:147)
	at java.base/java.lang.Iterable.forEach(Iterable.java:75)
	at org.springframework.boot.SpringApplicationShutdownHook.run(SpringApplicationShutdownHook.java:116)
	at java.base/java.lang.Thread.run(Thread.java:1583)
Caused by: org.apache.hc.client5.http.HttpHostConnectException: Connect to http://localhost:8090 failed: Conexión rehusada
	at java.base/sun.nio.ch.Net.pollConnect(Native Method)
	at java.base/sun.nio.ch.Net.pollConnectNow(Net.java:694)
	at java.base/sun.nio.ch.NioSocketImpl.timedFinishConnect(NioSocketImpl.java:542)
	at java.base/sun.nio.ch.NioSocketImpl.connect(NioSocketImpl.java:592)
	at java.base/java.net.SocksSocketImpl.connect(SocksSocketImpl.java:327)
	at java.base/java.net.Socket.connect(Socket.java:751)
	at org.apache.hc.client5.http.impl.io.DefaultHttpClientConnectionOperator.connect(DefaultHttpClientConnectionOperator.java:226)
	at org.apache.hc.client5.http.impl.io.PoolingHttpClientConnectionManager.connect(PoolingHttpClientConnectionManager.java:497)
	at org.apache.hc.client5.http.impl.classic.InternalExecRuntime.connectEndpoint(InternalExecRuntime.java:164)
	at org.apache.hc.client5.http.impl.classic.InternalExecRuntime.connectEndpoint(InternalExecRuntime.java:174)
	at org.apache.hc.client5.http.impl.classic.ConnectExec.execute(ConnectExec.java:144)
	at org.apache.hc.client5.http.impl.classic.ExecChainElement.execute(ExecChainElement.java:51)
	at org.apache.hc.client5.http.impl.classic.ProtocolExec.execute(ProtocolExec.java:195)
	at org.apache.hc.client5.http.impl.classic.ExecChainElement.execute(ExecChainElement.java:51)
	at org.apache.hc.client5.http.impl.classic.ContentCompressionExec.execute(ContentCompressionExec.java:168)
	at org.apache.hc.client5.http.impl.classic.ExecChainElement.execute(ExecChainElement.java:51)
	at org.apache.hc.client5.http.impl.classic.HttpRequestRetryExec.execute(HttpRequestRetryExec.java:112)
	at org.apache.hc.client5.http.impl.classic.ExecChainElement.execute(ExecChainElement.java:51)
	at org.apache.hc.client5.http.impl.classic.RedirectExec.execute(RedirectExec.java:110)
	at org.apache.hc.client5.http.impl.classic.ExecChainElement.execute(ExecChainElement.java:51)
	at org.apache.hc.client5.http.impl.classic.InternalHttpClient.doExecute(InternalHttpClient.java:185)
	at org.apache.hc.client5.http.impl.classic.CloseableHttpClient.execute(CloseableHttpClient.java:87)
	at org.apache.hc.client5.http.impl.classic.CloseableHttpClient.execute(CloseableHttpClient.java:55)
	at org.apache.hc.client5.http.classic.HttpClient.executeOpen(HttpClient.java:183)
	at org.springframework.http.client.HttpComponentsClientHttpRequest.executeInternal(HttpComponentsClientHttpRequest.java:99)
	at org.springframework.http.client.AbstractStreamingClientHttpRequest.executeInternal(AbstractStreamingClientHttpRequest.java:87)
	at org.springframework.http.client.AbstractClientHttpRequest.execute(AbstractClientHttpRequest.java:80)
	at org.springframework.http.client.AbstractBufferingClientHttpRequest.executeWithRequest(AbstractBufferingClientHttpRequest.java:89)
	at org.springframework.http.client.InterceptingClientHttpRequest$EndOfChainRequestExecution.execute(InterceptingClientHttpRequest.java:102)
	at org.springframework.cloud.netflix.eureka.http.RestClientTransportClientFactory.lambda$newClient$2(RestClientTransportClientFactory.java:98)
	at org.springframework.http.client.ClientHttpRequestInterceptor.lambda$apply$0(ClientHttpRequestInterceptor.java:89)
	at org.springframework.http.client.InterceptingClientHttpRequest.executeInternal(InterceptingClientHttpRequest.java:73)
	at org.springframework.http.client.AbstractBufferingClientHttpRequest.executeInternal(AbstractBufferingClientHttpRequest.java:50)
	at org.springframework.http.client.AbstractClientHttpRequest.execute(AbstractClientHttpRequest.java:80)
	at org.springframework.web.client.DefaultRestClient$DefaultRequestBodyUriSpec.exchangeInternal(DefaultRestClient.java:614)
	... 40 more

2026-06-06 12:47:15 WARN  c.n.d.s.t.decorator.RetryableEurekaHttpClient - Request execution failed with message: I/O error on DELETE request for "http://localhost:8090/eureka/apps/LMCATALOGMS/LMCatalogMS:1be0ee8c2182f9b43abc89098d6e510b": Connect to http://localhost:8090 failed: Conexión rehusada
2026-06-06 12:47:15 ERROR com.netflix.discovery.DiscoveryClient - DiscoveryClient_LMCATALOGMS/LMCatalogMS:1be0ee8c2182f9b43abc89098d6e510b - de-registration failedCannot execute request on any known server
com.netflix.discovery.shared.transport.TransportException: Cannot execute request on any known server
	at com.netflix.discovery.shared.transport.decorator.RetryableEurekaHttpClient.execute(RetryableEurekaHttpClient.java:112)
	at com.netflix.discovery.shared.transport.decorator.EurekaHttpClientDecorator.cancel(EurekaHttpClientDecorator.java:71)
	at com.netflix.discovery.shared.transport.decorator.EurekaHttpClientDecorator$2.execute(EurekaHttpClientDecorator.java:74)
	at com.netflix.discovery.shared.transport.decorator.SessionedEurekaHttpClient.execute(SessionedEurekaHttpClient.java:76)
	at com.netflix.discovery.shared.transport.decorator.EurekaHttpClientDecorator.cancel(EurekaHttpClientDecorator.java:71)
	at com.netflix.discovery.DiscoveryClient.unregister(DiscoveryClient.java:919)
	at com.netflix.discovery.DiscoveryClient.shutdown(DiscoveryClient.java:900)
	at java.base/jdk.internal.reflect.DirectMethodHandleAccessor.invoke(DirectMethodHandleAccessor.java:103)
	at java.base/java.lang.reflect.Method.invoke(Method.java:580)
	at org.springframework.beans.factory.annotation.InitDestroyAnnotationBeanPostProcessor$LifecycleMethod.invoke(InitDestroyAnnotationBeanPostProcessor.java:453)
	at org.springframework.beans.factory.annotation.InitDestroyAnnotationBeanPostProcessor$LifecycleMetadata.invokeDestroyMethods(InitDestroyAnnotationBeanPostProcessor.java:411)
	at org.springframework.beans.factory.annotation.InitDestroyAnnotationBeanPostProcessor.postProcessBeforeDestruction(InitDestroyAnnotationBeanPostProcessor.java:237)
	at org.springframework.beans.factory.support.DisposableBeanAdapter.destroy(DisposableBeanAdapter.java:200)
	at org.springframework.beans.factory.support.DisposableBeanAdapter.run(DisposableBeanAdapter.java:193)
	at org.springframework.cloud.context.scope.GenericScope$BeanLifecycleWrapper.destroy(GenericScope.java:387)
	at org.springframework.cloud.context.scope.GenericScope.destroy(GenericScope.java:134)
	at org.springframework.beans.factory.support.DisposableBeanAdapter.destroy(DisposableBeanAdapter.java:209)
	at org.springframework.beans.factory.support.DefaultSingletonBeanRegistry.destroyBean(DefaultSingletonBeanRegistry.java:795)
	at org.springframework.beans.factory.support.DefaultSingletonBeanRegistry.destroySingleton(DefaultSingletonBeanRegistry.java:745)
	at org.springframework.beans.factory.support.DefaultListableBeanFactory.destroySingleton(DefaultListableBeanFactory.java:1500)
	at org.springframework.beans.factory.support.DefaultSingletonBeanRegistry.destroySingletons(DefaultSingletonBeanRegistry.java:704)
	at org.springframework.beans.factory.support.DefaultListableBeanFactory.destroySingletons(DefaultListableBeanFactory.java:1493)
	at org.springframework.context.support.AbstractApplicationContext.destroyBeans(AbstractApplicationContext.java:1246)
	at org.springframework.context.support.AbstractApplicationContext.doClose(AbstractApplicationContext.java:1207)
	at org.springframework.boot.web.server.servlet.context.ServletWebServerApplicationContext.doClose(ServletWebServerApplicationContext.java:176)
	at org.springframework.context.support.AbstractApplicationContext.close(AbstractApplicationContext.java:1153)
	at org.springframework.boot.SpringApplicationShutdownHook.closeAndWait(SpringApplicationShutdownHook.java:147)
	at java.base/java.lang.Iterable.forEach(Iterable.java:75)
	at org.springframework.boot.SpringApplicationShutdownHook.run(SpringApplicationShutdownHook.java:116)
	at java.base/java.lang.Thread.run(Thread.java:1583)
2026-06-06 12:47:15 INFO  com.netflix.discovery.DiscoveryClient - Completed shut down of DiscoveryClient
2026-06-06 12:48:38 INFO  c.e.l.LibreriaMarketCatalogServiceApplication - Starting LibreriaMarketCatalogServiceApplication using Java 21.0.11 with PID 32624 (/home/apric/Documentos/GitHub/LibreriaMaketCatalogService/libreriaMarketCatalogService/target/classes started by apric in /home/apric/Documentos/GitHub/LibreriaMaketCatalogService/libreriaMarketCatalogService)
2026-06-06 12:48:38 DEBUG c.e.l.LibreriaMarketCatalogServiceApplication - Running with Spring Boot v4.0.5, Spring v7.0.6
2026-06-06 12:48:38 INFO  c.e.l.LibreriaMarketCatalogServiceApplication - No active profile set, falling back to 1 default profile: "default"
2026-06-06 12:48:40 INFO  o.s.d.r.config.RepositoryConfigurationDelegate - Bootstrapping Spring Data JPA repositories in DEFAULT mode.
2026-06-06 12:48:41 INFO  o.s.d.r.config.RepositoryConfigurationDelegate - Finished Spring Data repository scanning in 308 ms. Found 2 JPA repository interfaces.
2026-06-06 12:48:41 INFO  o.springframework.cloud.context.scope.GenericScope - BeanFactory id=05011c24-a394-3788-97b5-00fb3e289e72
2026-06-06 12:48:42 INFO  org.springframework.boot.tomcat.TomcatWebServer - Tomcat initialized with port 0 (http)
2026-06-06 12:48:42 INFO  org.apache.catalina.core.StandardService - Starting service [Tomcat]
2026-06-06 12:48:42 INFO  org.apache.catalina.core.StandardEngine - Starting Servlet engine: [Apache Tomcat/11.0.20]
2026-06-06 12:48:42 INFO  o.s.b.w.c.servlet.WebApplicationContextInitializer - Root WebApplicationContext: initialization completed in 3351 ms
2026-06-06 12:48:42 INFO  com.zaxxer.hikari.HikariDataSource - HikariPool-1 - Starting...
2026-06-06 12:48:43 INFO  com.zaxxer.hikari.pool.HikariPool - HikariPool-1 - Added connection com.mysql.cj.jdbc.ConnectionImpl@d0a2c82
2026-06-06 12:48:43 INFO  com.zaxxer.hikari.HikariDataSource - HikariPool-1 - Start completed.
2026-06-06 12:48:43 INFO  org.flywaydb.core.FlywayExecutor - Database: jdbc:mysql://localhost:3306/catalog_db (MySQL 11.8)
2026-06-06 12:48:43 WARN  org.flywaydb.core.internal.database.base.Database - Using MariaDB 11.8 which is newer than the version Flyway has been verified with. The latest verified version of MariaDB is 11.7.
2026-06-06 12:48:43 INFO  org.flywaydb.core.internal.command.DbValidate - Successfully validated 3 migrations (execution time 00:00.036s)
2026-06-06 12:48:43 INFO  org.flywaydb.core.internal.command.DbMigrate - Current version of schema `catalog_db`: 3
2026-06-06 12:48:43 INFO  org.flywaydb.core.internal.command.DbMigrate - Schema `catalog_db` is up to date. No migration necessary.
2026-06-06 12:48:44 INFO  o.s.o.j.persistenceunit.SpringPersistenceUnitInfo - No LoadTimeWeaver setup: ignoring JPA class transformer
2026-06-06 12:48:45 INFO  o.s.orm.jpa.LocalContainerEntityManagerFactoryBean - Initialized JPA EntityManagerFactory for persistence unit 'default'
2026-06-06 12:48:45 INFO  o.s.d.jpa.repository.query.QueryEnhancerFactories - Hibernate is in classpath; If applicable, HQL parser will be used.
2026-06-06 12:48:46 WARN  o.s.b.j.a.JpaBaseConfiguration$JpaWebConfiguration - spring.jpa.open-in-view is enabled by default. Therefore, database queries may be performed during view rendering. Explicitly configure spring.jpa.open-in-view to disable this warning
2026-06-06 12:48:46 INFO  o.s.s.c.a.a.c.InitializeUserDetailsBeanManagerConfigurer$InitializeUserDetailsManagerConfigurer - Global AuthenticationManager configured with UserDetailsService bean with name userDetailsService
2026-06-06 12:48:47 INFO  o.s.c.n.e.c.DiscoveryClientOptionalArgsConfiguration - Eureka HTTP Client uses RestClient.
2026-06-06 12:48:47 WARN  o.s.c.l.c.LoadBalancerCacheAutoConfiguration$LoadBalancerCaffeineWarnLogger - Spring Cloud LoadBalancer is currently working with the default cache. While this cache implementation is useful for development and tests, it's recommended to use Caffeine cache in production.You can switch to using Caffeine cache, by adding it and org.springframework.cache.caffeine.CaffeineCacheManager to the classpath.
2026-06-06 12:48:47 INFO  org.springframework.boot.tomcat.TomcatWebServer - Tomcat started on port 41815 (http) with context path '/'
2026-06-06 12:48:47 INFO  o.s.c.n.e.s.EurekaAutoServiceRegistration - Updating port to 41815
2026-06-06 12:48:47 INFO  o.s.cloud.netflix.eureka.InstanceInfoFactory - Setting initial instance status as: STARTING
2026-06-06 12:48:47 INFO  com.netflix.discovery.DiscoveryClient - Initializing Eureka in region us-east-1
2026-06-06 12:48:47 INFO  c.n.d.shared.resolver.aws.ConfigClusterResolver - Resolving eureka endpoints via configuration
2026-06-06 12:48:47 INFO  com.netflix.discovery.DiscoveryClient - Disable delta property : false
2026-06-06 12:48:47 INFO  com.netflix.discovery.DiscoveryClient - Single vip registry refresh property : null
2026-06-06 12:48:47 INFO  com.netflix.discovery.DiscoveryClient - Force full registry fetch : false
2026-06-06 12:48:47 INFO  com.netflix.discovery.DiscoveryClient - Application is null : false
2026-06-06 12:48:47 INFO  com.netflix.discovery.DiscoveryClient - Registered Applications size is zero : true
2026-06-06 12:48:47 INFO  com.netflix.discovery.DiscoveryClient - Application version is -1: true
2026-06-06 12:48:47 INFO  com.netflix.discovery.DiscoveryClient - Getting all instance registry info from the eureka server
2026-06-06 12:48:48 INFO  com.netflix.discovery.DiscoveryClient - The response status is 200
2026-06-06 12:48:48 INFO  com.netflix.discovery.DiscoveryClient - Starting heartbeat executor: renew interval is: 30
2026-06-06 12:48:48 INFO  com.netflix.discovery.InstanceInfoReplicator - InstanceInfoReplicator onDemand update allowed rate per min is 4
2026-06-06 12:48:48 INFO  com.netflix.discovery.DiscoveryClient - Discovery Client initialized at timestamp 1780764528201 with initial instances count: 1
2026-06-06 12:48:48 INFO  o.s.c.n.e.serviceregistry.EurekaServiceRegistry - Registering application LMCATALOGMS with eureka with status UP
2026-06-06 12:48:48 INFO  com.netflix.discovery.DiscoveryClient - Saw local status change event StatusChangeEvent [timestamp=1780764528207, current=UP, previous=STARTING]
2026-06-06 12:48:48 INFO  com.netflix.discovery.DiscoveryClient - DiscoveryClient_LMCATALOGMS/LMCatalogMS:68dcfd8139445a683baccdb2808fd92a: registering service...
2026-06-06 12:48:48 INFO  c.e.l.LibreriaMarketCatalogServiceApplication - Started LibreriaMarketCatalogServiceApplication in 10.164 seconds (process running for 13.216)
2026-06-06 12:48:48 WARN  org.springdoc.core.events.SpringDocAppInitializer - SpringDoc /swagger-ui.html endpoint is enabled by default. To disable it in production, set the property 'springdoc.swagger-ui.enabled=false'
2026-06-06 12:48:48 INFO  com.netflix.discovery.DiscoveryClient - DiscoveryClient_LMCATALOGMS/LMCatalogMS:68dcfd8139445a683baccdb2808fd92a - registration status: 204
2026-06-06 12:49:06 INFO  o.a.c.core.ContainerBase.[Tomcat].[localhost].[/] - Initializing Spring DispatcherServlet 'dispatcherServlet'
2026-06-06 12:49:06 INFO  org.springframework.web.servlet.DispatcherServlet - Initializing Servlet 'dispatcherServlet'
2026-06-06 12:49:06 INFO  org.springframework.web.servlet.DispatcherServlet - Completed initialization in 5 ms
2026-06-06 12:53:07 INFO  o.s.c.n.e.serviceregistry.EurekaServiceRegistry - Unregistering application LMCATALOGMS with eureka with status DOWN
2026-06-06 12:53:07 INFO  com.netflix.discovery.DiscoveryClient - Saw local status change event StatusChangeEvent [timestamp=1780764787557, current=DOWN, previous=UP]
2026-06-06 12:53:07 INFO  com.netflix.discovery.DiscoveryClient - DiscoveryClient_LMCATALOGMS/LMCatalogMS:68dcfd8139445a683baccdb2808fd92a: registering service...
2026-06-06 12:53:07 INFO  org.springframework.boot.tomcat.GracefulShutdown - Commencing graceful shutdown. Waiting for active requests to complete
2026-06-06 12:53:07 INFO  org.springframework.boot.tomcat.GracefulShutdown - Graceful shutdown complete
2026-06-06 12:53:07 INFO  com.netflix.discovery.DiscoveryClient - DiscoveryClient_LMCATALOGMS/LMCatalogMS:68dcfd8139445a683baccdb2808fd92a - registration status: 204
2026-06-06 12:53:07 INFO  o.s.orm.jpa.LocalContainerEntityManagerFactoryBean - Closing JPA EntityManagerFactory for persistence unit 'default'
2026-06-06 12:53:07 INFO  com.zaxxer.hikari.HikariDataSource - HikariPool-1 - Shutdown initiated...
2026-06-06 12:53:07 INFO  com.zaxxer.hikari.HikariDataSource - HikariPool-1 - Shutdown completed.
2026-06-06 12:53:07 INFO  com.netflix.discovery.DiscoveryClient - Shutting down DiscoveryClient ...
2026-06-06 12:53:10 INFO  com.netflix.discovery.DiscoveryClient - Unregistering ...
2026-06-06 12:53:10 INFO  com.netflix.discovery.DiscoveryClient - DiscoveryClient_LMCATALOGMS/LMCatalogMS:68dcfd8139445a683baccdb2808fd92a - deregister  status: 200
2026-06-06 12:53:10 INFO  com.netflix.discovery.DiscoveryClient - Completed shut down of DiscoveryClient
2026-06-06 12:53:16 INFO  c.e.l.LibreriaMarketCatalogServiceApplication - Starting LibreriaMarketCatalogServiceApplication using Java 21.0.11 with PID 34558 (/home/apric/Documentos/GitHub/LibreriaMaketCatalogService/libreriaMarketCatalogService/target/classes started by apric in /home/apric/Documentos/GitHub/LibreriaMaketCatalogService/libreriaMarketCatalogService)
2026-06-06 12:53:16 DEBUG c.e.l.LibreriaMarketCatalogServiceApplication - Running with Spring Boot v4.0.5, Spring v7.0.6
2026-06-06 12:53:16 INFO  c.e.l.LibreriaMarketCatalogServiceApplication - No active profile set, falling back to 1 default profile: "default"
2026-06-06 12:53:18 INFO  o.s.d.r.config.RepositoryConfigurationDelegate - Bootstrapping Spring Data JPA repositories in DEFAULT mode.
2026-06-06 12:53:19 INFO  o.s.d.r.config.RepositoryConfigurationDelegate - Finished Spring Data repository scanning in 198 ms. Found 2 JPA repository interfaces.
2026-06-06 12:53:19 INFO  o.springframework.cloud.context.scope.GenericScope - BeanFactory id=05011c24-a394-3788-97b5-00fb3e289e72
2026-06-06 12:53:20 INFO  org.springframework.boot.tomcat.TomcatWebServer - Tomcat initialized with port 0 (http)
2026-06-06 12:53:20 INFO  org.apache.catalina.core.StandardService - Starting service [Tomcat]
2026-06-06 12:53:20 INFO  org.apache.catalina.core.StandardEngine - Starting Servlet engine: [Apache Tomcat/11.0.20]
2026-06-06 12:53:20 INFO  o.s.b.w.c.servlet.WebApplicationContextInitializer - Root WebApplicationContext: initialization completed in 3540 ms
2026-06-06 12:53:20 INFO  com.zaxxer.hikari.HikariDataSource - HikariPool-1 - Starting...
2026-06-06 12:53:21 INFO  com.zaxxer.hikari.pool.HikariPool - HikariPool-1 - Added connection com.mysql.cj.jdbc.ConnectionImpl@ce19c86
2026-06-06 12:53:21 INFO  com.zaxxer.hikari.HikariDataSource - HikariPool-1 - Start completed.
2026-06-06 12:53:21 INFO  org.flywaydb.core.FlywayExecutor - Database: jdbc:mysql://localhost:3306/catalog_db (MySQL 11.8)
2026-06-06 12:53:21 WARN  org.flywaydb.core.internal.database.base.Database - Using MariaDB 11.8 which is newer than the version Flyway has been verified with. The latest verified version of MariaDB is 11.7.
2026-06-06 12:53:21 INFO  org.flywaydb.core.internal.command.DbValidate - Successfully validated 3 migrations (execution time 00:00.033s)
2026-06-06 12:53:21 INFO  org.flywaydb.core.internal.command.DbMigrate - Current version of schema `catalog_db`: 3
2026-06-06 12:53:21 INFO  org.flywaydb.core.internal.command.DbMigrate - Schema `catalog_db` is up to date. No migration necessary.
2026-06-06 12:53:21 INFO  o.s.o.j.persistenceunit.SpringPersistenceUnitInfo - No LoadTimeWeaver setup: ignoring JPA class transformer
2026-06-06 12:53:22 INFO  o.s.orm.jpa.LocalContainerEntityManagerFactoryBean - Initialized JPA EntityManagerFactory for persistence unit 'default'
2026-06-06 12:53:23 INFO  o.s.d.jpa.repository.query.QueryEnhancerFactories - Hibernate is in classpath; If applicable, HQL parser will be used.
2026-06-06 12:53:23 WARN  o.s.b.j.a.JpaBaseConfiguration$JpaWebConfiguration - spring.jpa.open-in-view is enabled by default. Therefore, database queries may be performed during view rendering. Explicitly configure spring.jpa.open-in-view to disable this warning
2026-06-06 12:53:23 INFO  o.s.s.c.a.a.c.InitializeUserDetailsBeanManagerConfigurer$InitializeUserDetailsManagerConfigurer - Global AuthenticationManager configured with UserDetailsService bean with name userDetailsService
2026-06-06 12:53:24 INFO  o.s.c.n.e.c.DiscoveryClientOptionalArgsConfiguration - Eureka HTTP Client uses RestClient.
2026-06-06 12:53:24 WARN  o.s.c.l.c.LoadBalancerCacheAutoConfiguration$LoadBalancerCaffeineWarnLogger - Spring Cloud LoadBalancer is currently working with the default cache. While this cache implementation is useful for development and tests, it's recommended to use Caffeine cache in production.You can switch to using Caffeine cache, by adding it and org.springframework.cache.caffeine.CaffeineCacheManager to the classpath.
2026-06-06 12:53:24 INFO  org.springframework.boot.tomcat.TomcatWebServer - Tomcat started on port 36805 (http) with context path '/'
2026-06-06 12:53:24 INFO  o.s.c.n.e.s.EurekaAutoServiceRegistration - Updating port to 36805
2026-06-06 12:53:24 INFO  o.s.cloud.netflix.eureka.InstanceInfoFactory - Setting initial instance status as: STARTING
2026-06-06 12:53:24 INFO  com.netflix.discovery.DiscoveryClient - Initializing Eureka in region us-east-1
2026-06-06 12:53:24 INFO  c.n.d.shared.resolver.aws.ConfigClusterResolver - Resolving eureka endpoints via configuration
2026-06-06 12:53:24 INFO  com.netflix.discovery.DiscoveryClient - Disable delta property : false
2026-06-06 12:53:24 INFO  com.netflix.discovery.DiscoveryClient - Single vip registry refresh property : null
2026-06-06 12:53:24 INFO  com.netflix.discovery.DiscoveryClient - Force full registry fetch : false
2026-06-06 12:53:24 INFO  com.netflix.discovery.DiscoveryClient - Application is null : false
2026-06-06 12:53:24 INFO  com.netflix.discovery.DiscoveryClient - Registered Applications size is zero : true
2026-06-06 12:53:24 INFO  com.netflix.discovery.DiscoveryClient - Application version is -1: true
2026-06-06 12:53:24 INFO  com.netflix.discovery.DiscoveryClient - Getting all instance registry info from the eureka server
2026-06-06 12:53:25 INFO  com.netflix.discovery.DiscoveryClient - The response status is 200
2026-06-06 12:53:25 INFO  com.netflix.discovery.DiscoveryClient - Starting heartbeat executor: renew interval is: 30
2026-06-06 12:53:25 INFO  com.netflix.discovery.InstanceInfoReplicator - InstanceInfoReplicator onDemand update allowed rate per min is 4
2026-06-06 12:53:25 INFO  com.netflix.discovery.DiscoveryClient - Discovery Client initialized at timestamp 1780764805177 with initial instances count: 2
2026-06-06 12:53:25 INFO  o.s.c.n.e.serviceregistry.EurekaServiceRegistry - Registering application LMCATALOGMS with eureka with status UP
2026-06-06 12:53:25 INFO  com.netflix.discovery.DiscoveryClient - Saw local status change event StatusChangeEvent [timestamp=1780764805182, current=UP, previous=STARTING]
2026-06-06 12:53:25 INFO  com.netflix.discovery.DiscoveryClient - DiscoveryClient_LMCATALOGMS/LMCatalogMS:64d2af28b2706874d7b5f8754c020cd3: registering service...
2026-06-06 12:53:25 INFO  c.e.l.LibreriaMarketCatalogServiceApplication - Started LibreriaMarketCatalogServiceApplication in 9.903 seconds (process running for 12.598)
2026-06-06 12:53:25 WARN  org.springdoc.core.events.SpringDocAppInitializer - SpringDoc /swagger-ui.html endpoint is enabled by default. To disable it in production, set the property 'springdoc.swagger-ui.enabled=false'
2026-06-06 12:53:25 INFO  com.netflix.discovery.DiscoveryClient - DiscoveryClient_LMCATALOGMS/LMCatalogMS:64d2af28b2706874d7b5f8754c020cd3 - registration status: 204
2026-06-06 12:55:06 INFO  o.s.c.n.e.serviceregistry.EurekaServiceRegistry - Unregistering application LMCATALOGMS with eureka with status DOWN
2026-06-06 12:55:06 INFO  com.netflix.discovery.DiscoveryClient - Saw local status change event StatusChangeEvent [timestamp=1780764906833, current=DOWN, previous=UP]
2026-06-06 12:55:06 INFO  com.netflix.discovery.DiscoveryClient - DiscoveryClient_LMCATALOGMS/LMCatalogMS:64d2af28b2706874d7b5f8754c020cd3: registering service...
2026-06-06 12:55:06 INFO  org.springframework.boot.tomcat.GracefulShutdown - Commencing graceful shutdown. Waiting for active requests to complete
2026-06-06 12:55:06 INFO  com.netflix.discovery.DiscoveryClient - DiscoveryClient_LMCATALOGMS/LMCatalogMS:64d2af28b2706874d7b5f8754c020cd3 - registration status: 204
2026-06-06 12:55:06 INFO  org.springframework.boot.tomcat.GracefulShutdown - Graceful shutdown complete
2026-06-06 12:55:06 INFO  o.s.orm.jpa.LocalContainerEntityManagerFactoryBean - Closing JPA EntityManagerFactory for persistence unit 'default'
2026-06-06 12:55:06 INFO  com.zaxxer.hikari.HikariDataSource - HikariPool-1 - Shutdown initiated...
2026-06-06 12:55:06 INFO  com.zaxxer.hikari.HikariDataSource - HikariPool-1 - Shutdown completed.
2026-06-06 12:55:06 INFO  com.netflix.discovery.DiscoveryClient - Shutting down DiscoveryClient ...
2026-06-06 12:55:09 INFO  com.netflix.discovery.DiscoveryClient - Unregistering ...
2026-06-06 12:55:09 INFO  com.netflix.discovery.DiscoveryClient - DiscoveryClient_LMCATALOGMS/LMCatalogMS:64d2af28b2706874d7b5f8754c020cd3 - deregister  status: 200
2026-06-06 12:55:09 INFO  com.netflix.discovery.DiscoveryClient - Completed shut down of DiscoveryClient
2026-06-06 12:55:41 INFO  c.e.l.LibreriaMarketCatalogServiceApplication - Starting LibreriaMarketCatalogServiceApplication using Java 21.0.11 with PID 35769 (/home/apric/Documentos/GitHub/LibreriaMaketCatalogService/libreriaMarketCatalogService/target/classes started by apric in /home/apric/Documentos/GitHub/LibreriaMaketCatalogService/libreriaMarketCatalogService)
2026-06-06 12:55:41 DEBUG c.e.l.LibreriaMarketCatalogServiceApplication - Running with Spring Boot v4.0.5, Spring v7.0.6
2026-06-06 12:55:41 INFO  c.e.l.LibreriaMarketCatalogServiceApplication - No active profile set, falling back to 1 default profile: "default"
2026-06-06 12:55:42 INFO  o.s.d.r.config.RepositoryConfigurationDelegate - Bootstrapping Spring Data JPA repositories in DEFAULT mode.
2026-06-06 12:55:43 INFO  o.s.d.r.config.RepositoryConfigurationDelegate - Finished Spring Data repository scanning in 221 ms. Found 2 JPA repository interfaces.
2026-06-06 12:55:43 INFO  o.springframework.cloud.context.scope.GenericScope - BeanFactory id=05011c24-a394-3788-97b5-00fb3e289e72
2026-06-06 12:55:43 INFO  org.springframework.boot.tomcat.TomcatWebServer - Tomcat initialized with port 0 (http)
2026-06-06 12:55:43 INFO  org.apache.catalina.core.StandardService - Starting service [Tomcat]
2026-06-06 12:55:43 INFO  org.apache.catalina.core.StandardEngine - Starting Servlet engine: [Apache Tomcat/11.0.20]
2026-06-06 12:55:44 INFO  o.s.b.w.c.servlet.WebApplicationContextInitializer - Root WebApplicationContext: initialization completed in 2744 ms
2026-06-06 12:55:44 INFO  com.zaxxer.hikari.HikariDataSource - HikariPool-1 - Starting...
2026-06-06 12:55:44 INFO  com.zaxxer.hikari.pool.HikariPool - HikariPool-1 - Added connection com.mysql.cj.jdbc.ConnectionImpl@1b317e7d
2026-06-06 12:55:44 INFO  com.zaxxer.hikari.HikariDataSource - HikariPool-1 - Start completed.
2026-06-06 12:55:44 INFO  org.flywaydb.core.FlywayExecutor - Database: jdbc:mysql://localhost:3306/catalog_db (MySQL 11.8)
2026-06-06 12:55:44 WARN  org.flywaydb.core.internal.database.base.Database - Using MariaDB 11.8 which is newer than the version Flyway has been verified with. The latest verified version of MariaDB is 11.7.
2026-06-06 12:55:44 INFO  org.flywaydb.core.internal.command.DbValidate - Successfully validated 3 migrations (execution time 00:00.032s)
2026-06-06 12:55:44 INFO  org.flywaydb.core.internal.command.DbMigrate - Current version of schema `catalog_db`: 3
2026-06-06 12:55:44 INFO  org.flywaydb.core.internal.command.DbMigrate - Schema `catalog_db` is up to date. No migration necessary.
2026-06-06 12:55:45 INFO  o.s.o.j.persistenceunit.SpringPersistenceUnitInfo - No LoadTimeWeaver setup: ignoring JPA class transformer
2026-06-06 12:55:47 INFO  o.s.orm.jpa.LocalContainerEntityManagerFactoryBean - Initialized JPA EntityManagerFactory for persistence unit 'default'
2026-06-06 12:55:47 INFO  o.s.d.jpa.repository.query.QueryEnhancerFactories - Hibernate is in classpath; If applicable, HQL parser will be used.
2026-06-06 12:55:47 WARN  o.s.b.j.a.JpaBaseConfiguration$JpaWebConfiguration - spring.jpa.open-in-view is enabled by default. Therefore, database queries may be performed during view rendering. Explicitly configure spring.jpa.open-in-view to disable this warning
2026-06-06 12:55:48 INFO  o.s.s.c.a.a.c.InitializeUserDetailsBeanManagerConfigurer$InitializeUserDetailsManagerConfigurer - Global AuthenticationManager configured with UserDetailsService bean with name userDetailsService
2026-06-06 12:55:49 INFO  o.s.c.n.e.c.DiscoveryClientOptionalArgsConfiguration - Eureka HTTP Client uses RestClient.
2026-06-06 12:55:49 WARN  o.s.c.l.c.LoadBalancerCacheAutoConfiguration$LoadBalancerCaffeineWarnLogger - Spring Cloud LoadBalancer is currently working with the default cache. While this cache implementation is useful for development and tests, it's recommended to use Caffeine cache in production.You can switch to using Caffeine cache, by adding it and org.springframework.cache.caffeine.CaffeineCacheManager to the classpath.
2026-06-06 12:55:49 INFO  org.springframework.boot.tomcat.TomcatWebServer - Tomcat started on port 41981 (http) with context path '/'
2026-06-06 12:55:49 INFO  o.s.c.n.e.s.EurekaAutoServiceRegistration - Updating port to 41981
2026-06-06 12:55:49 INFO  o.s.cloud.netflix.eureka.InstanceInfoFactory - Setting initial instance status as: STARTING
2026-06-06 12:55:49 INFO  com.netflix.discovery.DiscoveryClient - Initializing Eureka in region us-east-1
2026-06-06 12:55:49 INFO  c.n.d.shared.resolver.aws.ConfigClusterResolver - Resolving eureka endpoints via configuration
2026-06-06 12:55:49 INFO  com.netflix.discovery.DiscoveryClient - Disable delta property : false
2026-06-06 12:55:49 INFO  com.netflix.discovery.DiscoveryClient - Single vip registry refresh property : null
2026-06-06 12:55:49 INFO  com.netflix.discovery.DiscoveryClient - Force full registry fetch : false
2026-06-06 12:55:49 INFO  com.netflix.discovery.DiscoveryClient - Application is null : false
2026-06-06 12:55:49 INFO  com.netflix.discovery.DiscoveryClient - Registered Applications size is zero : true
2026-06-06 12:55:49 INFO  com.netflix.discovery.DiscoveryClient - Application version is -1: true
2026-06-06 12:55:49 INFO  com.netflix.discovery.DiscoveryClient - Getting all instance registry info from the eureka server
2026-06-06 12:55:50 INFO  com.netflix.discovery.DiscoveryClient - The response status is 200
2026-06-06 12:55:50 INFO  com.netflix.discovery.DiscoveryClient - Starting heartbeat executor: renew interval is: 30
2026-06-06 12:55:50 INFO  com.netflix.discovery.InstanceInfoReplicator - InstanceInfoReplicator onDemand update allowed rate per min is 4
2026-06-06 12:55:50 INFO  com.netflix.discovery.DiscoveryClient - Discovery Client initialized at timestamp 1780764950088 with initial instances count: 2
2026-06-06 12:55:50 INFO  o.s.c.n.e.serviceregistry.EurekaServiceRegistry - Registering application LMCATALOGMS with eureka with status UP
2026-06-06 12:55:50 INFO  com.netflix.discovery.DiscoveryClient - Saw local status change event StatusChangeEvent [timestamp=1780764950100, current=UP, previous=STARTING]
2026-06-06 12:55:50 INFO  com.netflix.discovery.DiscoveryClient - DiscoveryClient_LMCATALOGMS/LMCatalogMS:702d0382ea0a98684fa69cced28680fc: registering service...
2026-06-06 12:55:50 INFO  c.e.l.LibreriaMarketCatalogServiceApplication - Started LibreriaMarketCatalogServiceApplication in 9.826 seconds (process running for 12.361)
2026-06-06 12:55:50 WARN  org.springdoc.core.events.SpringDocAppInitializer - SpringDoc /swagger-ui.html endpoint is enabled by default. To disable it in production, set the property 'springdoc.swagger-ui.enabled=false'
2026-06-06 12:55:50 INFO  com.netflix.discovery.DiscoveryClient - DiscoveryClient_LMCATALOGMS/LMCatalogMS:702d0382ea0a98684fa69cced28680fc - registration status: 204
2026-06-06 12:57:53 INFO  o.s.c.n.e.serviceregistry.EurekaServiceRegistry - Unregistering application LMCATALOGMS with eureka with status DOWN
2026-06-06 12:57:53 INFO  com.netflix.discovery.DiscoveryClient - Saw local status change event StatusChangeEvent [timestamp=1780765073450, current=DOWN, previous=UP]
2026-06-06 12:57:53 INFO  com.netflix.discovery.DiscoveryClient - DiscoveryClient_LMCATALOGMS/LMCatalogMS:702d0382ea0a98684fa69cced28680fc: registering service...
2026-06-06 12:57:53 INFO  org.springframework.boot.tomcat.GracefulShutdown - Commencing graceful shutdown. Waiting for active requests to complete
2026-06-06 12:57:53 INFO  com.netflix.discovery.DiscoveryClient - DiscoveryClient_LMCATALOGMS/LMCatalogMS:702d0382ea0a98684fa69cced28680fc - registration status: 204
2026-06-06 12:57:53 INFO  org.springframework.boot.tomcat.GracefulShutdown - Graceful shutdown complete
2026-06-06 12:57:53 INFO  o.s.orm.jpa.LocalContainerEntityManagerFactoryBean - Closing JPA EntityManagerFactory for persistence unit 'default'
2026-06-06 12:57:53 INFO  com.zaxxer.hikari.HikariDataSource - HikariPool-1 - Shutdown initiated...
2026-06-06 12:57:53 INFO  com.zaxxer.hikari.HikariDataSource - HikariPool-1 - Shutdown completed.
2026-06-06 12:57:53 INFO  com.netflix.discovery.DiscoveryClient - Shutting down DiscoveryClient ...
2026-06-06 12:57:56 INFO  com.netflix.discovery.DiscoveryClient - Unregistering ...
2026-06-06 12:57:56 INFO  com.netflix.discovery.DiscoveryClient - DiscoveryClient_LMCATALOGMS/LMCatalogMS:702d0382ea0a98684fa69cced28680fc - deregister  status: 200
2026-06-06 12:57:56 INFO  com.netflix.discovery.DiscoveryClient - Completed shut down of DiscoveryClient
2026-06-06 12:58:57 INFO  c.e.l.LibreriaMarketCatalogServiceApplication - Starting LibreriaMarketCatalogServiceApplication using Java 21.0.11 with PID 37273 (/home/apric/Documentos/GitHub/LibreriaMaketCatalogService/libreriaMarketCatalogService/target/classes started by apric in /home/apric/Documentos/GitHub/LibreriaMaketCatalogService/libreriaMarketCatalogService)
2026-06-06 12:58:57 DEBUG c.e.l.LibreriaMarketCatalogServiceApplication - Running with Spring Boot v4.0.5, Spring v7.0.6
2026-06-06 12:58:57 INFO  c.e.l.LibreriaMarketCatalogServiceApplication - No active profile set, falling back to 1 default profile: "default"
2026-06-06 12:58:59 INFO  o.s.d.r.config.RepositoryConfigurationDelegate - Bootstrapping Spring Data JPA repositories in DEFAULT mode.
2026-06-06 12:58:59 INFO  o.s.d.r.config.RepositoryConfigurationDelegate - Finished Spring Data repository scanning in 208 ms. Found 2 JPA repository interfaces.
2026-06-06 12:59:00 INFO  o.springframework.cloud.context.scope.GenericScope - BeanFactory id=05011c24-a394-3788-97b5-00fb3e289e72
2026-06-06 12:59:00 INFO  org.springframework.boot.tomcat.TomcatWebServer - Tomcat initialized with port 0 (http)
2026-06-06 12:59:00 INFO  org.apache.catalina.core.StandardService - Starting service [Tomcat]
2026-06-06 12:59:00 INFO  org.apache.catalina.core.StandardEngine - Starting Servlet engine: [Apache Tomcat/11.0.20]
2026-06-06 12:59:00 INFO  o.s.b.w.c.servlet.WebApplicationContextInitializer - Root WebApplicationContext: initialization completed in 2685 ms
2026-06-06 12:59:00 INFO  com.zaxxer.hikari.HikariDataSource - HikariPool-1 - Starting...
2026-06-06 12:59:01 INFO  com.zaxxer.hikari.pool.HikariPool - HikariPool-1 - Added connection com.mysql.cj.jdbc.ConnectionImpl@2c7375da
2026-06-06 12:59:01 INFO  com.zaxxer.hikari.HikariDataSource - HikariPool-1 - Start completed.
2026-06-06 12:59:01 INFO  org.flywaydb.core.FlywayExecutor - Database: jdbc:mysql://localhost:3306/catalog_db (MySQL 11.8)
2026-06-06 12:59:01 WARN  org.flywaydb.core.internal.database.base.Database - Using MariaDB 11.8 which is newer than the version Flyway has been verified with. The latest verified version of MariaDB is 11.7.
2026-06-06 12:59:01 INFO  org.flywaydb.core.internal.command.DbValidate - Successfully validated 3 migrations (execution time 00:00.032s)
2026-06-06 12:59:01 INFO  org.flywaydb.core.internal.command.DbMigrate - Current version of schema `catalog_db`: 3
2026-06-06 12:59:01 INFO  org.flywaydb.core.internal.command.DbMigrate - Schema `catalog_db` is up to date. No migration necessary.
2026-06-06 12:59:02 INFO  o.s.o.j.persistenceunit.SpringPersistenceUnitInfo - No LoadTimeWeaver setup: ignoring JPA class transformer
2026-06-06 12:59:04 INFO  o.s.orm.jpa.LocalContainerEntityManagerFactoryBean - Initialized JPA EntityManagerFactory for persistence unit 'default'
2026-06-06 12:59:04 INFO  o.s.d.jpa.repository.query.QueryEnhancerFactories - Hibernate is in classpath; If applicable, HQL parser will be used.
2026-06-06 12:59:04 WARN  o.s.b.j.a.JpaBaseConfiguration$JpaWebConfiguration - spring.jpa.open-in-view is enabled by default. Therefore, database queries may be performed during view rendering. Explicitly configure spring.jpa.open-in-view to disable this warning
2026-06-06 12:59:05 INFO  o.s.s.c.a.a.c.InitializeUserDetailsBeanManagerConfigurer$InitializeUserDetailsManagerConfigurer - Global AuthenticationManager configured with UserDetailsService bean with name userDetailsService
2026-06-06 12:59:06 INFO  o.s.c.n.e.c.DiscoveryClientOptionalArgsConfiguration - Eureka HTTP Client uses RestClient.
2026-06-06 12:59:06 WARN  o.s.c.l.c.LoadBalancerCacheAutoConfiguration$LoadBalancerCaffeineWarnLogger - Spring Cloud LoadBalancer is currently working with the default cache. While this cache implementation is useful for development and tests, it's recommended to use Caffeine cache in production.You can switch to using Caffeine cache, by adding it and org.springframework.cache.caffeine.CaffeineCacheManager to the classpath.
2026-06-06 12:59:06 INFO  org.springframework.boot.tomcat.TomcatWebServer - Tomcat started on port 45639 (http) with context path '/'
2026-06-06 12:59:06 INFO  o.s.c.n.e.s.EurekaAutoServiceRegistration - Updating port to 45639
2026-06-06 12:59:06 INFO  o.s.cloud.netflix.eureka.InstanceInfoFactory - Setting initial instance status as: STARTING
2026-06-06 12:59:06 INFO  com.netflix.discovery.DiscoveryClient - Initializing Eureka in region us-east-1
2026-06-06 12:59:06 INFO  c.n.d.shared.resolver.aws.ConfigClusterResolver - Resolving eureka endpoints via configuration
2026-06-06 12:59:06 INFO  com.netflix.discovery.DiscoveryClient - Disable delta property : false
2026-06-06 12:59:06 INFO  com.netflix.discovery.DiscoveryClient - Single vip registry refresh property : null
2026-06-06 12:59:06 INFO  com.netflix.discovery.DiscoveryClient - Force full registry fetch : false
2026-06-06 12:59:06 INFO  com.netflix.discovery.DiscoveryClient - Application is null : false
2026-06-06 12:59:06 INFO  com.netflix.discovery.DiscoveryClient - Registered Applications size is zero : true
2026-06-06 12:59:06 INFO  com.netflix.discovery.DiscoveryClient - Application version is -1: true
2026-06-06 12:59:06 INFO  com.netflix.discovery.DiscoveryClient - Getting all instance registry info from the eureka server
2026-06-06 12:59:07 INFO  com.netflix.discovery.DiscoveryClient - The response status is 200
2026-06-06 12:59:07 INFO  com.netflix.discovery.DiscoveryClient - Starting heartbeat executor: renew interval is: 30
2026-06-06 12:59:07 INFO  com.netflix.discovery.InstanceInfoReplicator - InstanceInfoReplicator onDemand update allowed rate per min is 4
2026-06-06 12:59:07 INFO  com.netflix.discovery.DiscoveryClient - Discovery Client initialized at timestamp 1780765147410 with initial instances count: 2
2026-06-06 12:59:07 INFO  o.s.c.n.e.serviceregistry.EurekaServiceRegistry - Registering application LMCATALOGMS with eureka with status UP
2026-06-06 12:59:07 INFO  com.netflix.discovery.DiscoveryClient - Saw local status change event StatusChangeEvent [timestamp=1780765147416, current=UP, previous=STARTING]
2026-06-06 12:59:07 INFO  com.netflix.discovery.DiscoveryClient - DiscoveryClient_LMCATALOGMS/LMCatalogMS:6e288a81ef74544897a87565ee36f3c4: registering service...
2026-06-06 12:59:07 INFO  c.e.l.LibreriaMarketCatalogServiceApplication - Started LibreriaMarketCatalogServiceApplication in 10.464 seconds (process running for 12.677)
2026-06-06 12:59:07 WARN  org.springdoc.core.events.SpringDocAppInitializer - SpringDoc /swagger-ui.html endpoint is enabled by default. To disable it in production, set the property 'springdoc.swagger-ui.enabled=false'
2026-06-06 12:59:07 INFO  com.netflix.discovery.DiscoveryClient - DiscoveryClient_LMCATALOGMS/LMCatalogMS:6e288a81ef74544897a87565ee36f3c4 - registration status: 204
2026-06-06 13:03:29 INFO  o.a.c.core.ContainerBase.[Tomcat].[localhost].[/] - Initializing Spring DispatcherServlet 'dispatcherServlet'
2026-06-06 13:03:29 INFO  org.springframework.web.servlet.DispatcherServlet - Initializing Servlet 'dispatcherServlet'
2026-06-06 13:03:29 INFO  org.springframework.web.servlet.DispatcherServlet - Completed initialization in 7 ms
2026-06-06 13:03:29 INFO  org.springdoc.api.AbstractOpenApiResource - Init duration for springdoc-openapi is: 356 ms
2026-06-06 13:04:06 INFO  c.n.d.shared.resolver.aws.ConfigClusterResolver - Resolving eureka endpoints via configuration
2026-06-06 13:09:06 INFO  c.n.d.shared.resolver.aws.ConfigClusterResolver - Resolving eureka endpoints via configuration
2026-06-06 13:14:06 INFO  c.n.d.shared.resolver.aws.ConfigClusterResolver - Resolving eureka endpoints via configuration
2026-06-06 13:19:06 INFO  c.n.d.shared.resolver.aws.ConfigClusterResolver - Resolving eureka endpoints via configuration
2026-06-06 13:24:06 INFO  c.n.d.shared.resolver.aws.ConfigClusterResolver - Resolving eureka endpoints via configuration
2026-06-06 13:29:06 INFO  c.n.d.shared.resolver.aws.ConfigClusterResolver - Resolving eureka endpoints via configuration
2026-06-06 13:34:06 INFO  c.n.d.shared.resolver.aws.ConfigClusterResolver - Resolving eureka endpoints via configuration
2026-06-06 13:39:06 INFO  c.n.d.shared.resolver.aws.ConfigClusterResolver - Resolving eureka endpoints via configuration
2026-06-06 13:39:10 INFO  o.s.c.n.e.serviceregistry.EurekaServiceRegistry - Unregistering application LMCATALOGMS with eureka with status DOWN
2026-06-06 13:39:10 INFO  com.netflix.discovery.DiscoveryClient - Saw local status change event StatusChangeEvent [timestamp=1780767550243, current=DOWN, previous=UP]
2026-06-06 13:39:10 INFO  com.netflix.discovery.DiscoveryClient - DiscoveryClient_LMCATALOGMS/LMCatalogMS:6e288a81ef74544897a87565ee36f3c4: registering service...
2026-06-06 13:39:10 INFO  org.springframework.boot.tomcat.GracefulShutdown - Commencing graceful shutdown. Waiting for active requests to complete
2026-06-06 13:39:10 INFO  com.netflix.discovery.DiscoveryClient - DiscoveryClient_LMCATALOGMS/LMCatalogMS:6e288a81ef74544897a87565ee36f3c4 - registration status: 204
2026-06-06 13:39:10 INFO  org.springframework.boot.tomcat.GracefulShutdown - Graceful shutdown complete
2026-06-06 13:39:10 INFO  o.s.orm.jpa.LocalContainerEntityManagerFactoryBean - Closing JPA EntityManagerFactory for persistence unit 'default'
2026-06-06 13:39:10 INFO  com.zaxxer.hikari.HikariDataSource - HikariPool-1 - Shutdown initiated...
2026-06-06 13:39:10 INFO  com.zaxxer.hikari.HikariDataSource - HikariPool-1 - Shutdown completed.
2026-06-06 13:39:10 INFO  com.netflix.discovery.DiscoveryClient - Shutting down DiscoveryClient ...
2026-06-06 13:39:13 INFO  com.netflix.discovery.DiscoveryClient - Unregistering ...
2026-06-06 13:39:13 INFO  com.netflix.discovery.DiscoveryClient - DiscoveryClient_LMCATALOGMS/LMCatalogMS:6e288a81ef74544897a87565ee36f3c4 - deregister  status: 200
2026-06-06 13:39:13 INFO  com.netflix.discovery.DiscoveryClient - Completed shut down of DiscoveryClient
