2026-06-02 19:55:21 INFO  c.e.l.LibreriaMarketCatalogServiceApplication - Starting LibreriaMarketCatalogServiceApplication using Java 21.0.10 with PID 113604 (/home/jos/Documentos/GitHub/Liberia_Market/LibreriaMaketCatalogService/libreriaMarketCatalogService/target/classes started by jos in /home/jos/Documentos/GitHub/Liberia_Market/LibreriaMaketCatalogService)
2026-06-02 19:55:21 DEBUG c.e.l.LibreriaMarketCatalogServiceApplication - Running with Spring Boot v4.0.5, Spring v7.0.6
2026-06-02 19:55:21 INFO  c.e.l.LibreriaMarketCatalogServiceApplication - No active profile set, falling back to 1 default profile: "default"
2026-06-02 19:55:22 INFO  o.s.d.r.config.RepositoryConfigurationDelegate - Bootstrapping Spring Data JPA repositories in DEFAULT mode.
2026-06-02 19:55:22 INFO  o.s.d.r.config.RepositoryConfigurationDelegate - Finished Spring Data repository scanning in 109 ms. Found 2 JPA repository interfaces.
2026-06-02 19:55:22 INFO  o.springframework.cloud.context.scope.GenericScope - BeanFactory id=b85185ad-0387-3c48-abc5-878e2b56610e
2026-06-02 19:55:23 INFO  org.springframework.boot.tomcat.TomcatWebServer - Tomcat initialized with port 0 (http)
2026-06-02 19:55:23 INFO  org.apache.catalina.core.StandardService - Starting service [Tomcat]
2026-06-02 19:55:23 INFO  org.apache.catalina.core.StandardEngine - Starting Servlet engine: [Apache Tomcat/11.0.20]
2026-06-02 19:55:23 INFO  o.s.b.w.c.servlet.WebApplicationContextInitializer - Root WebApplicationContext: initialization completed in 2002 ms
2026-06-02 19:55:23 INFO  com.zaxxer.hikari.HikariDataSource - HikariPool-1 - Starting...
2026-06-02 19:55:24 WARN  o.s.b.w.s.s.c.AnnotationConfigServletWebServerApplicationContext - Exception encountered during context initialization - cancelling refresh attempt: org.springframework.beans.factory.BeanCreationException: Error creating bean with name 'entityManagerFactory' defined in class path resource [org/springframework/boot/hibernate/autoconfigure/HibernateJpaConfiguration.class]: Failed to initialize dependency 'flywayInitializer' of LoadTimeWeaverAware bean 'entityManagerFactory': Error creating bean with name 'flywayInitializer' defined in class path resource [org/springframework/boot/flyway/autoconfigure/FlywayAutoConfiguration$FlywayConfiguration.class]: Unable to obtain connection from database: Access denied for user 'root'@'localhost'
------------------------------------------------------------------------------------
SQL State  : 28000
Error Code : 1698
Message    : Access denied for user 'root'@'localhost'

2026-06-02 19:55:24 INFO  org.apache.catalina.core.StandardService - Stopping service [Tomcat]
2026-06-02 19:55:24 INFO  o.s.b.a.logging.ConditionEvaluationReportLogger - 

Error starting ApplicationContext. To display the condition evaluation report re-run your application with 'debug' enabled.
2026-06-02 19:55:25 ERROR org.springframework.boot.SpringApplication - Application run failed
org.springframework.beans.factory.BeanCreationException: Error creating bean with name 'entityManagerFactory' defined in class path resource [org/springframework/boot/hibernate/autoconfigure/HibernateJpaConfiguration.class]: Failed to initialize dependency 'flywayInitializer' of LoadTimeWeaverAware bean 'entityManagerFactory': Error creating bean with name 'flywayInitializer' defined in class path resource [org/springframework/boot/flyway/autoconfigure/FlywayAutoConfiguration$FlywayConfiguration.class]: Unable to obtain connection from database: Access denied for user 'root'@'localhost'
------------------------------------------------------------------------------------
SQL State  : 28000
Error Code : 1698
Message    : Access denied for user 'root'@'localhost'

	at org.springframework.beans.factory.support.AbstractBeanFactory.doGetBean(AbstractBeanFactory.java:322)
	at org.springframework.beans.factory.support.AbstractBeanFactory.getBean(AbstractBeanFactory.java:201)
	at org.springframework.context.support.AbstractApplicationContext.finishBeanFactoryInitialization(AbstractApplicationContext.java:977)
	at org.springframework.context.support.AbstractApplicationContext.refresh(AbstractApplicationContext.java:621)
	at org.springframework.boot.web.server.servlet.context.ServletWebServerApplicationContext.refresh(ServletWebServerApplicationContext.java:143)
	at org.springframework.boot.SpringApplication.refresh(SpringApplication.java:756)
	at org.springframework.boot.SpringApplication.refreshContext(SpringApplication.java:445)
	at org.springframework.boot.SpringApplication.run(SpringApplication.java:321)
	at org.springframework.boot.SpringApplication.run(SpringApplication.java:1365)
	at org.springframework.boot.SpringApplication.run(SpringApplication.java:1354)
	at com.example.libreriaMarketCatalogService.LibreriaMarketCatalogServiceApplication.main(LibreriaMarketCatalogServiceApplication.java:12)
Caused by: org.springframework.beans.factory.BeanCreationException: Error creating bean with name 'flywayInitializer' defined in class path resource [org/springframework/boot/flyway/autoconfigure/FlywayAutoConfiguration$FlywayConfiguration.class]: Unable to obtain connection from database: Access denied for user 'root'@'localhost'
------------------------------------------------------------------------------------
SQL State  : 28000
Error Code : 1698
Message    : Access denied for user 'root'@'localhost'

	at org.springframework.beans.factory.support.AbstractAutowireCapableBeanFactory.initializeBean(AbstractAutowireCapableBeanFactory.java:1817)
	at org.springframework.beans.factory.support.AbstractAutowireCapableBeanFactory.doCreateBean(AbstractAutowireCapableBeanFactory.java:603)
	at org.springframework.beans.factory.support.AbstractAutowireCapableBeanFactory.createBean(AbstractAutowireCapableBeanFactory.java:525)
	at org.springframework.beans.factory.support.AbstractBeanFactory.lambda$doGetBean$0(AbstractBeanFactory.java:333)
	at org.springframework.beans.factory.support.DefaultSingletonBeanRegistry.getSingleton(DefaultSingletonBeanRegistry.java:371)
	at org.springframework.beans.factory.support.AbstractBeanFactory.doGetBean(AbstractBeanFactory.java:331)
	at org.springframework.beans.factory.support.AbstractBeanFactory.getBean(AbstractBeanFactory.java:196)
	at org.springframework.beans.factory.support.AbstractBeanFactory.doGetBean(AbstractBeanFactory.java:309)
	... 10 common frames omitted
Caused by: org.flywaydb.core.internal.exception.sqlExceptions.FlywaySqlUnableToConnectToDbException: Unable to obtain connection from database: Access denied for user 'root'@'localhost'
------------------------------------------------------------------------------------
SQL State  : 28000
Error Code : 1698
Message    : Access denied for user 'root'@'localhost'

	at org.flywaydb.core.internal.jdbc.JdbcUtils.openConnection(JdbcUtils.java:70)
	at org.flywaydb.core.internal.jdbc.JdbcConnectionFactory.<init>(JdbcConnectionFactory.java:76)
	at org.flywaydb.core.FlywayExecutor.execute(FlywayExecutor.java:142)
	at org.flywaydb.core.Flyway.migrate(Flyway.java:186)
	at org.springframework.boot.flyway.autoconfigure.FlywayMigrationInitializer.afterPropertiesSet(FlywayMigrationInitializer.java:67)
	at org.springframework.beans.factory.support.AbstractAutowireCapableBeanFactory.invokeInitMethods(AbstractAutowireCapableBeanFactory.java:1864)
	at org.springframework.beans.factory.support.AbstractAutowireCapableBeanFactory.initializeBean(AbstractAutowireCapableBeanFactory.java:1813)
	... 17 common frames omitted
Caused by: java.sql.SQLException: Access denied for user 'root'@'localhost'
	at com.mysql.cj.jdbc.exceptions.SQLError.createSQLException(SQLError.java:121)
	at com.mysql.cj.jdbc.exceptions.SQLExceptionsMapping.translateException(SQLExceptionsMapping.java:114)
	at com.mysql.cj.jdbc.ConnectionImpl.createNewIO(ConnectionImpl.java:840)
	at com.mysql.cj.jdbc.ConnectionImpl.<init>(ConnectionImpl.java:416)
	at com.mysql.cj.jdbc.ConnectionImpl.getInstance(ConnectionImpl.java:237)
	at com.mysql.cj.jdbc.NonRegisteringDriver.connect(NonRegisteringDriver.java:180)
	at com.zaxxer.hikari.util.DriverDataSource.getConnection(DriverDataSource.java:144)
	at com.zaxxer.hikari.pool.PoolBase.newConnection(PoolBase.java:373)
	at com.zaxxer.hikari.pool.PoolBase.newPoolEntry(PoolBase.java:210)
	at com.zaxxer.hikari.pool.HikariPool.createPoolEntry(HikariPool.java:488)
	at com.zaxxer.hikari.pool.HikariPool.checkFailFast(HikariPool.java:576)
	at com.zaxxer.hikari.pool.HikariPool.<init>(HikariPool.java:97)
	at com.zaxxer.hikari.HikariDataSource.getConnection(HikariDataSource.java:111)
	at org.flywaydb.core.internal.jdbc.JdbcUtils.openConnection(JdbcUtils.java:65)
	... 23 common frames omitted
2026-06-02 19:57:10 INFO  c.e.l.LibreriaMarketCatalogServiceApplication - Starting LibreriaMarketCatalogServiceApplication using Java 21.0.10 with PID 115950 (/home/jos/Documentos/GitHub/Liberia_Market/LibreriaMaketCatalogService/libreriaMarketCatalogService/target/classes started by jos in /home/jos/Documentos/GitHub/Liberia_Market/LibreriaMaketCatalogService)
2026-06-02 19:57:10 DEBUG c.e.l.LibreriaMarketCatalogServiceApplication - Running with Spring Boot v4.0.5, Spring v7.0.6
2026-06-02 19:57:10 INFO  c.e.l.LibreriaMarketCatalogServiceApplication - No active profile set, falling back to 1 default profile: "default"
2026-06-02 19:57:12 INFO  o.s.d.r.config.RepositoryConfigurationDelegate - Bootstrapping Spring Data JPA repositories in DEFAULT mode.
2026-06-02 19:57:13 INFO  o.s.d.r.config.RepositoryConfigurationDelegate - Finished Spring Data repository scanning in 354 ms. Found 2 JPA repository interfaces.
2026-06-02 19:57:13 INFO  o.springframework.cloud.context.scope.GenericScope - BeanFactory id=b85185ad-0387-3c48-abc5-878e2b56610e
2026-06-02 19:57:13 INFO  org.springframework.boot.tomcat.TomcatWebServer - Tomcat initialized with port 0 (http)
2026-06-02 19:57:13 INFO  org.apache.catalina.core.StandardService - Starting service [Tomcat]
2026-06-02 19:57:13 INFO  org.apache.catalina.core.StandardEngine - Starting Servlet engine: [Apache Tomcat/11.0.20]
2026-06-02 19:57:14 INFO  o.s.b.w.c.servlet.WebApplicationContextInitializer - Root WebApplicationContext: initialization completed in 2950 ms
2026-06-02 19:57:14 INFO  com.zaxxer.hikari.HikariDataSource - HikariPool-1 - Starting...
2026-06-02 19:57:14 INFO  com.zaxxer.hikari.pool.HikariPool - HikariPool-1 - Added connection com.mysql.cj.jdbc.ConnectionImpl@34a33343
2026-06-02 19:57:14 INFO  com.zaxxer.hikari.HikariDataSource - HikariPool-1 - Start completed.
2026-06-02 19:57:14 INFO  org.flywaydb.core.FlywayExecutor - Database: jdbc:mysql://localhost:3306/catalog_db (MySQL 12.3)
2026-06-02 19:57:14 WARN  org.flywaydb.core.internal.database.base.Database - Using MariaDB 12.3 which is newer than the version Flyway has been verified with. The latest verified version of MariaDB is 11.7.
2026-06-02 19:57:14 INFO  o.f.c.i.schemahistory.JdbcTableSchemaHistory - Schema history table `catalog_db`.`flyway_schema_history` does not exist yet
2026-06-02 19:57:14 INFO  org.flywaydb.core.internal.command.DbValidate - Successfully validated 3 migrations (execution time 00:00.040s)
2026-06-02 19:57:14 INFO  o.f.c.i.schemahistory.JdbcTableSchemaHistory - Creating Schema History table `catalog_db`.`flyway_schema_history` ...
2026-06-02 19:57:15 INFO  org.flywaydb.core.internal.command.DbMigrate - Current version of schema `catalog_db`: << Empty Schema >>
2026-06-02 19:57:15 INFO  org.flywaydb.core.internal.command.DbMigrate - Migrating schema `catalog_db` to version "1 - create tables producto proveedor"
2026-06-02 19:57:15 INFO  org.flywaydb.core.internal.command.DbMigrate - Migrating schema `catalog_db` to version "2 - insert seed data producto proveedor"
2026-06-02 19:57:15 INFO  org.flywaydb.core.internal.command.DbMigrate - Migrating schema `catalog_db` to version "3 - insert seed data producto proveedor"
2026-06-02 19:57:15 INFO  org.flywaydb.core.internal.command.DbMigrate - Successfully applied 3 migrations to schema `catalog_db`, now at version v3 (execution time 00:00.281s)
2026-06-02 19:57:16 INFO  o.s.o.j.persistenceunit.SpringPersistenceUnitInfo - No LoadTimeWeaver setup: ignoring JPA class transformer
2026-06-02 19:57:17 INFO  o.s.orm.jpa.LocalContainerEntityManagerFactoryBean - Initialized JPA EntityManagerFactory for persistence unit 'default'
2026-06-02 19:57:17 INFO  o.s.d.jpa.repository.query.QueryEnhancerFactories - Hibernate is in classpath; If applicable, HQL parser will be used.
2026-06-02 19:57:18 WARN  o.s.b.j.a.JpaBaseConfiguration$JpaWebConfiguration - spring.jpa.open-in-view is enabled by default. Therefore, database queries may be performed during view rendering. Explicitly configure spring.jpa.open-in-view to disable this warning
2026-06-02 19:57:18 INFO  o.s.s.c.a.a.c.InitializeUserDetailsBeanManagerConfigurer$InitializeUserDetailsManagerConfigurer - Global AuthenticationManager configured with UserDetailsService bean with name userDetailsService
2026-06-02 19:57:19 INFO  o.s.c.n.e.c.DiscoveryClientOptionalArgsConfiguration - Eureka HTTP Client uses RestClient.
2026-06-02 19:57:19 WARN  o.s.c.l.c.LoadBalancerCacheAutoConfiguration$LoadBalancerCaffeineWarnLogger - Spring Cloud LoadBalancer is currently working with the default cache. While this cache implementation is useful for development and tests, it's recommended to use Caffeine cache in production.You can switch to using Caffeine cache, by adding it and org.springframework.cache.caffeine.CaffeineCacheManager to the classpath.
2026-06-02 19:57:19 INFO  org.springframework.boot.tomcat.TomcatWebServer - Tomcat started on port 44933 (http) with context path '/'
2026-06-02 19:57:19 INFO  o.s.c.n.e.s.EurekaAutoServiceRegistration - Updating port to 44933
2026-06-02 19:57:19 INFO  o.s.cloud.netflix.eureka.InstanceInfoFactory - Setting initial instance status as: STARTING
2026-06-02 19:57:19 INFO  com.netflix.discovery.DiscoveryClient - Initializing Eureka in region us-east-1
2026-06-02 19:57:19 INFO  c.n.d.shared.resolver.aws.ConfigClusterResolver - Resolving eureka endpoints via configuration
2026-06-02 19:57:19 INFO  com.netflix.discovery.DiscoveryClient - Disable delta property : false
2026-06-02 19:57:19 INFO  com.netflix.discovery.DiscoveryClient - Single vip registry refresh property : null
2026-06-02 19:57:19 INFO  com.netflix.discovery.DiscoveryClient - Force full registry fetch : false
2026-06-02 19:57:19 INFO  com.netflix.discovery.DiscoveryClient - Application is null : false
2026-06-02 19:57:19 INFO  com.netflix.discovery.DiscoveryClient - Registered Applications size is zero : true
2026-06-02 19:57:19 INFO  com.netflix.discovery.DiscoveryClient - Application version is -1: true
2026-06-02 19:57:19 INFO  com.netflix.discovery.DiscoveryClient - Getting all instance registry info from the eureka server
2026-06-02 19:57:19 INFO  com.netflix.discovery.DiscoveryClient - The response status is 200
2026-06-02 19:57:19 INFO  com.netflix.discovery.DiscoveryClient - Starting heartbeat executor: renew interval is: 30
2026-06-02 19:57:19 INFO  com.netflix.discovery.InstanceInfoReplicator - InstanceInfoReplicator onDemand update allowed rate per min is 4
2026-06-02 19:57:19 INFO  com.netflix.discovery.DiscoveryClient - Discovery Client initialized at timestamp 1780444639946 with initial instances count: 2
2026-06-02 19:57:19 INFO  o.s.c.n.e.serviceregistry.EurekaServiceRegistry - Registering application LMCATALOGMS with eureka with status UP
2026-06-02 19:57:19 INFO  com.netflix.discovery.DiscoveryClient - Saw local status change event StatusChangeEvent [timestamp=1780444639983, current=UP, previous=STARTING]
2026-06-02 19:57:19 INFO  com.netflix.discovery.DiscoveryClient - DiscoveryClient_LMCATALOGMS/LMCatalogMS:f158452f2feb430ae2d4f4e68cc9f796: registering service...
2026-06-02 19:57:20 INFO  com.netflix.discovery.DiscoveryClient - DiscoveryClient_LMCATALOGMS/LMCatalogMS:f158452f2feb430ae2d4f4e68cc9f796 - registration status: 204
2026-06-02 19:57:20 INFO  c.e.l.LibreriaMarketCatalogServiceApplication - Started LibreriaMarketCatalogServiceApplication in 10.202 seconds (process running for 10.833)
2026-06-02 19:57:41 INFO  o.a.c.core.ContainerBase.[Tomcat].[localhost].[/] - Initializing Spring DispatcherServlet 'dispatcherServlet'
2026-06-02 19:57:41 INFO  org.springframework.web.servlet.DispatcherServlet - Initializing Servlet 'dispatcherServlet'
2026-06-02 19:57:41 INFO  org.springframework.web.servlet.DispatcherServlet - Completed initialization in 1 ms
2026-06-02 19:57:42 INFO  org.springdoc.api.AbstractOpenApiResource - Init duration for springdoc-openapi is: 300 ms
2026-06-02 20:02:19 INFO  c.n.d.shared.resolver.aws.ConfigClusterResolver - Resolving eureka endpoints via configuration
2026-06-02 20:07:19 INFO  c.n.d.shared.resolver.aws.ConfigClusterResolver - Resolving eureka endpoints via configuration
2026-06-02 20:12:19 INFO  c.n.d.shared.resolver.aws.ConfigClusterResolver - Resolving eureka endpoints via configuration
2026-06-02 20:17:19 INFO  c.n.d.shared.resolver.aws.ConfigClusterResolver - Resolving eureka endpoints via configuration
2026-06-02 20:22:19 INFO  c.n.d.shared.resolver.aws.ConfigClusterResolver - Resolving eureka endpoints via configuration
2026-06-02 20:27:19 INFO  c.n.d.shared.resolver.aws.ConfigClusterResolver - Resolving eureka endpoints via configuration
2026-06-02 20:32:19 INFO  c.n.d.shared.resolver.aws.ConfigClusterResolver - Resolving eureka endpoints via configuration
2026-06-02 20:37:19 INFO  c.n.d.shared.resolver.aws.ConfigClusterResolver - Resolving eureka endpoints via configuration
2026-06-02 20:42:19 INFO  c.n.d.shared.resolver.aws.ConfigClusterResolver - Resolving eureka endpoints via configuration
2026-06-02 20:47:19 INFO  c.n.d.shared.resolver.aws.ConfigClusterResolver - Resolving eureka endpoints via configuration
2026-06-02 20:52:19 INFO  c.n.d.shared.resolver.aws.ConfigClusterResolver - Resolving eureka endpoints via configuration
2026-06-02 20:57:19 INFO  c.n.d.shared.resolver.aws.ConfigClusterResolver - Resolving eureka endpoints via configuration
2026-06-02 21:02:19 INFO  c.n.d.shared.resolver.aws.ConfigClusterResolver - Resolving eureka endpoints via configuration
2026-06-02 21:07:19 INFO  c.n.d.shared.resolver.aws.ConfigClusterResolver - Resolving eureka endpoints via configuration
2026-06-02 21:12:19 INFO  c.n.d.shared.resolver.aws.ConfigClusterResolver - Resolving eureka endpoints via configuration
2026-06-02 21:13:17 INFO  o.s.c.n.e.serviceregistry.EurekaServiceRegistry - Unregistering application LMCATALOGMS with eureka with status DOWN
2026-06-02 21:13:17 INFO  com.netflix.discovery.DiscoveryClient - Saw local status change event StatusChangeEvent [timestamp=1780449197603, current=DOWN, previous=UP]
2026-06-02 21:13:17 INFO  com.netflix.discovery.DiscoveryClient - DiscoveryClient_LMCATALOGMS/LMCatalogMS:f158452f2feb430ae2d4f4e68cc9f796: registering service...
2026-06-02 21:13:17 INFO  org.springframework.boot.tomcat.GracefulShutdown - Commencing graceful shutdown. Waiting for active requests to complete
2026-06-02 21:13:17 INFO  com.netflix.discovery.DiscoveryClient - DiscoveryClient_LMCATALOGMS/LMCatalogMS:f158452f2feb430ae2d4f4e68cc9f796 - registration status: 204
2026-06-02 21:13:17 INFO  org.springframework.boot.tomcat.GracefulShutdown - Graceful shutdown complete
2026-06-02 21:13:17 INFO  o.s.orm.jpa.LocalContainerEntityManagerFactoryBean - Closing JPA EntityManagerFactory for persistence unit 'default'
2026-06-02 21:13:17 INFO  com.zaxxer.hikari.HikariDataSource - HikariPool-1 - Shutdown initiated...
2026-06-02 21:13:17 INFO  com.zaxxer.hikari.HikariDataSource - HikariPool-1 - Shutdown completed.
2026-06-02 21:13:17 INFO  com.netflix.discovery.DiscoveryClient - Shutting down DiscoveryClient ...
2026-06-02 21:13:20 INFO  com.netflix.discovery.DiscoveryClient - Unregistering ...
2026-06-02 21:13:20 INFO  com.netflix.discovery.DiscoveryClient - DiscoveryClient_LMCATALOGMS/LMCatalogMS:f158452f2feb430ae2d4f4e68cc9f796 - deregister  status: 200
2026-06-02 21:13:20 INFO  com.netflix.discovery.DiscoveryClient - Completed shut down of DiscoveryClient
2026-06-02 21:13:22 INFO  c.e.l.LibreriaMarketCatalogServiceApplication - Starting LibreriaMarketCatalogServiceApplication using Java 21.0.10 with PID 204351 (/home/jos/Documentos/GitHub/Liberia_Market/LibreriaMaketCatalogService/libreriaMarketCatalogService/target/classes started by jos in /home/jos/Documentos/GitHub/Liberia_Market/LibreriaMaketCatalogService)
2026-06-02 21:13:22 DEBUG c.e.l.LibreriaMarketCatalogServiceApplication - Running with Spring Boot v4.0.5, Spring v7.0.6
2026-06-02 21:13:22 INFO  c.e.l.LibreriaMarketCatalogServiceApplication - No active profile set, falling back to 1 default profile: "default"
2026-06-02 21:13:23 INFO  o.s.d.r.config.RepositoryConfigurationDelegate - Bootstrapping Spring Data JPA repositories in DEFAULT mode.
2026-06-02 21:13:23 INFO  o.s.d.r.config.RepositoryConfigurationDelegate - Finished Spring Data repository scanning in 241 ms. Found 2 JPA repository interfaces.
2026-06-02 21:13:23 INFO  o.springframework.cloud.context.scope.GenericScope - BeanFactory id=f55fb69a-89fc-3e51-9316-45bed9ca111d
2026-06-02 21:13:24 INFO  org.springframework.boot.tomcat.TomcatWebServer - Tomcat initialized with port 0 (http)
2026-06-02 21:13:24 INFO  org.apache.catalina.core.StandardService - Starting service [Tomcat]
2026-06-02 21:13:24 INFO  org.apache.catalina.core.StandardEngine - Starting Servlet engine: [Apache Tomcat/11.0.20]
2026-06-02 21:13:24 INFO  o.s.b.w.c.servlet.WebApplicationContextInitializer - Root WebApplicationContext: initialization completed in 2029 ms
2026-06-02 21:13:24 INFO  com.zaxxer.hikari.HikariDataSource - HikariPool-1 - Starting...
2026-06-02 21:13:24 INFO  com.zaxxer.hikari.pool.HikariPool - HikariPool-1 - Added connection com.mysql.cj.jdbc.ConnectionImpl@1c788d08
2026-06-02 21:13:24 INFO  com.zaxxer.hikari.HikariDataSource - HikariPool-1 - Start completed.
2026-06-02 21:13:24 INFO  org.flywaydb.core.FlywayExecutor - Database: jdbc:mysql://localhost:3306/catalog_db (MySQL 12.3)
2026-06-02 21:13:24 WARN  org.flywaydb.core.internal.database.base.Database - Using MariaDB 12.3 which is newer than the version Flyway has been verified with. The latest verified version of MariaDB is 11.7.
2026-06-02 21:13:24 INFO  org.flywaydb.core.internal.command.DbValidate - Successfully validated 3 migrations (execution time 00:00.034s)
2026-06-02 21:13:24 INFO  org.flywaydb.core.internal.command.DbMigrate - Current version of schema `catalog_db`: 3
2026-06-02 21:13:24 INFO  org.flywaydb.core.internal.command.DbMigrate - Schema `catalog_db` is up to date. No migration necessary.
2026-06-02 21:13:25 INFO  o.s.o.j.persistenceunit.SpringPersistenceUnitInfo - No LoadTimeWeaver setup: ignoring JPA class transformer
2026-06-02 21:13:26 INFO  o.s.orm.jpa.LocalContainerEntityManagerFactoryBean - Initialized JPA EntityManagerFactory for persistence unit 'default'
2026-06-02 21:13:26 INFO  o.s.d.jpa.repository.query.QueryEnhancerFactories - Hibernate is in classpath; If applicable, HQL parser will be used.
2026-06-02 21:13:26 WARN  o.s.b.j.a.JpaBaseConfiguration$JpaWebConfiguration - spring.jpa.open-in-view is enabled by default. Therefore, database queries may be performed during view rendering. Explicitly configure spring.jpa.open-in-view to disable this warning
2026-06-02 21:13:26 INFO  o.s.s.c.a.a.c.InitializeUserDetailsBeanManagerConfigurer$InitializeUserDetailsManagerConfigurer - Global AuthenticationManager configured with UserDetailsService bean with name userDetailsService
2026-06-02 21:13:27 INFO  o.s.c.n.e.c.DiscoveryClientOptionalArgsConfiguration - Eureka HTTP Client uses RestClient.
2026-06-02 21:13:27 WARN  o.s.c.l.c.LoadBalancerCacheAutoConfiguration$LoadBalancerCaffeineWarnLogger - Spring Cloud LoadBalancer is currently working with the default cache. While this cache implementation is useful for development and tests, it's recommended to use Caffeine cache in production.You can switch to using Caffeine cache, by adding it and org.springframework.cache.caffeine.CaffeineCacheManager to the classpath.
2026-06-02 21:13:27 INFO  org.springframework.boot.tomcat.TomcatWebServer - Tomcat started on port 46115 (http) with context path '/'
2026-06-02 21:13:27 INFO  o.s.c.n.e.s.EurekaAutoServiceRegistration - Updating port to 46115
2026-06-02 21:13:27 INFO  o.s.cloud.netflix.eureka.InstanceInfoFactory - Setting initial instance status as: STARTING
2026-06-02 21:13:27 INFO  com.netflix.discovery.DiscoveryClient - Initializing Eureka in region us-east-1
2026-06-02 21:13:27 INFO  c.n.d.shared.resolver.aws.ConfigClusterResolver - Resolving eureka endpoints via configuration
2026-06-02 21:13:27 INFO  com.netflix.discovery.DiscoveryClient - Disable delta property : false
2026-06-02 21:13:27 INFO  com.netflix.discovery.DiscoveryClient - Single vip registry refresh property : null
2026-06-02 21:13:27 INFO  com.netflix.discovery.DiscoveryClient - Force full registry fetch : false
2026-06-02 21:13:27 INFO  com.netflix.discovery.DiscoveryClient - Application is null : false
2026-06-02 21:13:27 INFO  com.netflix.discovery.DiscoveryClient - Registered Applications size is zero : true
2026-06-02 21:13:27 INFO  com.netflix.discovery.DiscoveryClient - Application version is -1: true
2026-06-02 21:13:27 INFO  com.netflix.discovery.DiscoveryClient - Getting all instance registry info from the eureka server
2026-06-02 21:13:27 INFO  com.netflix.discovery.DiscoveryClient - The response status is 200
2026-06-02 21:13:27 INFO  com.netflix.discovery.DiscoveryClient - Starting heartbeat executor: renew interval is: 30
2026-06-02 21:13:27 INFO  com.netflix.discovery.InstanceInfoReplicator - InstanceInfoReplicator onDemand update allowed rate per min is 4
2026-06-02 21:13:27 INFO  com.netflix.discovery.DiscoveryClient - Discovery Client initialized at timestamp 1780449207869 with initial instances count: 3
2026-06-02 21:13:27 INFO  o.s.c.n.e.serviceregistry.EurekaServiceRegistry - Registering application LMCATALOGMS with eureka with status UP
2026-06-02 21:13:27 INFO  com.netflix.discovery.DiscoveryClient - Saw local status change event StatusChangeEvent [timestamp=1780449207873, current=UP, previous=STARTING]
2026-06-02 21:13:27 INFO  com.netflix.discovery.DiscoveryClient - DiscoveryClient_LMCATALOGMS/LMCatalogMS:1577bfd02b8fbac2612301a70d5a947f: registering service...
2026-06-02 21:13:27 INFO  com.netflix.discovery.DiscoveryClient - DiscoveryClient_LMCATALOGMS/LMCatalogMS:1577bfd02b8fbac2612301a70d5a947f - registration status: 204
2026-06-02 21:13:28 INFO  c.e.l.LibreriaMarketCatalogServiceApplication - Started LibreriaMarketCatalogServiceApplication in 6.587 seconds (process running for 7.299)
2026-06-02 21:14:18 INFO  o.a.c.core.ContainerBase.[Tomcat].[localhost].[/] - Initializing Spring DispatcherServlet 'dispatcherServlet'
2026-06-02 21:14:18 INFO  org.springframework.web.servlet.DispatcherServlet - Initializing Servlet 'dispatcherServlet'
2026-06-02 21:14:18 INFO  org.springframework.web.servlet.DispatcherServlet - Completed initialization in 1 ms
2026-06-02 21:14:18 INFO  org.springdoc.api.AbstractOpenApiResource - Init duration for springdoc-openapi is: 170 ms
2026-06-02 21:18:27 INFO  c.n.d.shared.resolver.aws.ConfigClusterResolver - Resolving eureka endpoints via configuration
2026-06-02 21:19:21 INFO  o.s.c.n.e.serviceregistry.EurekaServiceRegistry - Unregistering application LMCATALOGMS with eureka with status DOWN
2026-06-02 21:19:21 INFO  com.netflix.discovery.DiscoveryClient - Saw local status change event StatusChangeEvent [timestamp=1780449561204, current=DOWN, previous=UP]
2026-06-02 21:19:21 INFO  com.netflix.discovery.DiscoveryClient - DiscoveryClient_LMCATALOGMS/LMCatalogMS:1577bfd02b8fbac2612301a70d5a947f: registering service...
2026-06-02 21:19:21 INFO  org.springframework.boot.tomcat.GracefulShutdown - Commencing graceful shutdown. Waiting for active requests to complete
2026-06-02 21:19:21 INFO  org.springframework.boot.tomcat.GracefulShutdown - Graceful shutdown complete
2026-06-02 21:19:21 INFO  com.netflix.discovery.DiscoveryClient - DiscoveryClient_LMCATALOGMS/LMCatalogMS:1577bfd02b8fbac2612301a70d5a947f - registration status: 204
2026-06-02 21:19:21 INFO  o.s.orm.jpa.LocalContainerEntityManagerFactoryBean - Closing JPA EntityManagerFactory for persistence unit 'default'
2026-06-02 21:19:21 INFO  com.zaxxer.hikari.HikariDataSource - HikariPool-1 - Shutdown initiated...
2026-06-02 21:19:21 INFO  com.zaxxer.hikari.HikariDataSource - HikariPool-1 - Shutdown completed.
2026-06-02 21:19:21 INFO  com.netflix.discovery.DiscoveryClient - Shutting down DiscoveryClient ...
2026-06-02 21:19:24 INFO  com.netflix.discovery.DiscoveryClient - Unregistering ...
2026-06-02 21:19:24 INFO  com.netflix.discovery.DiscoveryClient - DiscoveryClient_LMCATALOGMS/LMCatalogMS:1577bfd02b8fbac2612301a70d5a947f - deregister  status: 200
2026-06-02 21:19:24 INFO  com.netflix.discovery.DiscoveryClient - Completed shut down of DiscoveryClient
